

================================================================
== Vitis HLS Report for 'compute_spectrogram_stage'
================================================================
* Date:           Sat Aug  8 12:51:44 2026

* Version:        2024.1 (Build 5069499 on May 21 2024)
* Project:        fused_prj
* Solution:       solution1 (Vivado IP Flow Target)
* Product family: artix7
* Target device:  xc7a35t-csg324-1


================================================================
== Performance Estimates
================================================================
+ Timing: 
    * Summary: 
    +--------+----------+----------+------------+
    |  Clock |  Target  | Estimated| Uncertainty|
    +--------+----------+----------+------------+
    |ap_clk  |  10.00 ns|  7.300 ns|     2.70 ns|
    +--------+----------+----------+------------+

+ Latency: 
    * Summary: 
    +---------+---------+----------+----------+-----+-----+---------+
    |  Latency (cycles) |  Latency (absolute) |  Interval | Pipeline|
    |   min   |   max   |    min   |    max   | min | max |   Type  |
    +---------+---------+----------+----------+-----+-----+---------+
    |        ?|        ?|         ?|         ?|    ?|    ?|       no|
    +---------+---------+----------+----------+-----+-----+---------+

    + Detail: 
        * Instance: 
        +---------------------------------------------------------------+----------------------------------------------------+---------+---------+-----------+-----------+------+------+-----------------------------------------------+
        |                                                               |                                                    |  Latency (cycles) |   Latency (absolute)  |   Interval  |                    Pipeline                   |
        |                            Instance                           |                       Module                       |   min   |   max   |    min    |    max    |  min |  max |                      Type                     |
        +---------------------------------------------------------------+----------------------------------------------------+---------+---------+-----------+-----------+------+------+-----------------------------------------------+
        |grp_compute_spectrogram_stage_Pipeline_LOAD_fu_411             |compute_spectrogram_stage_Pipeline_LOAD             |     4099|     4099|  40.990 us|  40.990 us|  4097|  4097|  loop auto-rewind stp(delay=0 clock cycles(s))|
        |grp_compute_spectrogram_stage_Pipeline_VITIS_LOOP_47_1_fu_434  |compute_spectrogram_stage_Pipeline_VITIS_LOOP_47_1  |        ?|        ?|          ?|          ?|     0|     0|  loop auto-rewind stp(delay=0 clock cycles(s))|
        |grp_compute_spectrogram_stage_Pipeline_PSD_fu_443              |compute_spectrogram_stage_Pipeline_PSD              |     2103|     2103|  21.030 us|  21.030 us|  2050|  2050|  loop auto-rewind stp(delay=0 clock cycles(s))|
        |grp_compute_spectrogram_stage_Pipeline_BUTTERFLY_fu_468        |compute_spectrogram_stage_Pipeline_BUTTERFLY        |       25|     4119|   0.250 us|  41.190 us|     4|  4098|  loop auto-rewind stp(delay=0 clock cycles(s))|
        +---------------------------------------------------------------+----------------------------------------------------+---------+---------+-----------+-----------+------+------+-----------------------------------------------+

        * Loop: 
        +----------------+---------+-----------+--------------+-----------+-----------+----------+----------+
        |                |   Latency (cycles)  |   Iteration  |  Initiation Interval  |   Trip   |          |
        |    Loop Name   |   min   |    max    |    Latency   |  achieved |   target  |   Count  | Pipelined|
        +----------------+---------+-----------+--------------+-----------+-----------+----------+----------+
        |- WINDOW_LOOP   |        ?|          ?|             ?|          -|          -|   1 ~ 100|        no|
        | + BIT_REV      |        ?|          ?|             ?|          -|          -|      4095|        no|
        | + FFT_STAGE    |      564|  101277936|  47 ~ 8439828|          -|          -|        12|        no|
        |  ++ FFT_BLOCK  |       27|    8439808|     27 ~ 4121|          -|          -|  1 ~ 2048|        no|
        +----------------+---------+-----------+--------------+-----------+-----------+----------+----------+



================================================================
== Utilization Estimates
================================================================
* Summary: 
+-----------------+---------+----+-------+-------+-----+
|       Name      | BRAM_18K| DSP|   FF  |  LUT  | URAM|
+-----------------+---------+----+-------+-------+-----+
|DSP              |        -|   -|      -|      -|    -|
|Expression       |        -|   -|      0|    408|    -|
|FIFO             |        -|   -|      -|      -|    -|
|Instance         |        8|  40|   5921|   4790|    -|
|Memory           |       16|   -|      0|      0|    0|
|Multiplexer      |        -|   -|      0|   1358|    -|
|Register         |        -|   -|    953|      -|    -|
+-----------------+---------+----+-------+-------+-----+
|Total            |       24|  40|   6874|   6556|    0|
+-----------------+---------+----+-------+-------+-----+
|Available        |      100|  90|  41600|  20800|    0|
+-----------------+---------+----+-------+-------+-----+
|Utilization (%)  |       24|  44|     16|     31|    0|
+-----------------+---------+----+-------+-------+-----+

+ Detail: 
    * Instance: 
    +---------------------------------------------------------------+----------------------------------------------------+---------+----+------+------+-----+
    |                            Instance                           |                       Module                       | BRAM_18K| DSP|  FF  |  LUT | URAM|
    +---------------------------------------------------------------+----------------------------------------------------+---------+----+------+------+-----+
    |grp_compute_spectrogram_stage_Pipeline_BUTTERFLY_fu_468        |compute_spectrogram_stage_Pipeline_BUTTERFLY        |        8|   4|  2753|  1986|    0|
    |grp_compute_spectrogram_stage_Pipeline_LOAD_fu_411             |compute_spectrogram_stage_Pipeline_LOAD             |        0|   0|   134|    90|    0|
    |grp_compute_spectrogram_stage_Pipeline_PSD_fu_443              |compute_spectrogram_stage_Pipeline_PSD              |        0|  28|  1983|  1742|    0|
    |grp_compute_spectrogram_stage_Pipeline_VITIS_LOOP_47_1_fu_434  |compute_spectrogram_stage_Pipeline_VITIS_LOOP_47_1  |        0|   0|    65|   155|    0|
    |faddfsub_32ns_32ns_32_7_full_dsp_1_U72                         |faddfsub_32ns_32ns_32_7_full_dsp_1                  |        0|   2|   306|   231|    0|
    |fdiv_32ns_32ns_32_16_no_dsp_1_U66                              |fdiv_32ns_32ns_32_16_no_dsp_1                       |        0|   0|     0|     0|    0|
    |fmul_32ns_32ns_32_4_max_dsp_1_U73                              |fmul_32ns_32ns_32_4_max_dsp_1                       |        0|   3|   143|   140|    0|
    |fmul_32ns_32ns_32_4_max_dsp_1_U74                              |fmul_32ns_32ns_32_4_max_dsp_1                       |        0|   3|   143|   140|    0|
    |sdiv_15ns_32s_11_19_seq_1_U71                                  |sdiv_15ns_32s_11_19_seq_1                           |        0|   0|   394|   238|    0|
    |sparsemux_9_2_32_1_1_U67                                       |sparsemux_9_2_32_1_1                                |        0|   0|     0|    17|    0|
    |sparsemux_9_2_32_1_1_U68                                       |sparsemux_9_2_32_1_1                                |        0|   0|     0|    17|    0|
    |sparsemux_9_2_32_1_1_U69                                       |sparsemux_9_2_32_1_1                                |        0|   0|     0|    17|    0|
    |sparsemux_9_2_32_1_1_U70                                       |sparsemux_9_2_32_1_1                                |        0|   0|     0|    17|    0|
    +---------------------------------------------------------------+----------------------------------------------------+---------+----+------+------+-----+
    |Total                                                          |                                                    |        8|  40|  5921|  4790|    0|
    +---------------------------------------------------------------+----------------------------------------------------+---------+----+------+------+-----+

    * DSP: 
    N/A

    * Memory: 
    +-----------------------------------------------------------------+----------------------------------------------------------------------------------+---------+---+----+-----+------+-----+------+-------------+
    |                              Memory                             |                                      Module                                      | BRAM_18K| FF| LUT| URAM| Words| Bits| Banks| W*Bits*Banks|
    +-----------------------------------------------------------------+----------------------------------------------------------------------------------+---------+---+----+-----+------+-----+------+-------------+
    |compute_spectrogram_stage_float_4096_int_float_float_100_re_U    |compute_spectrogram_stage_compute_spectrogram_stage_float_4096_int_float_floabkb  |        2|  0|   0|    0|  1024|   32|     1|        32768|
    |compute_spectrogram_stage_float_4096_int_float_float_100_im_U    |compute_spectrogram_stage_compute_spectrogram_stage_float_4096_int_float_floabkb  |        2|  0|   0|    0|  1024|   32|     1|        32768|
    |compute_spectrogram_stage_float_4096_int_float_float_100_re_1_U  |compute_spectrogram_stage_compute_spectrogram_stage_float_4096_int_float_floabkb  |        2|  0|   0|    0|  1024|   32|     1|        32768|
    |compute_spectrogram_stage_float_4096_int_float_float_100_im_4_U  |compute_spectrogram_stage_compute_spectrogram_stage_float_4096_int_float_floabkb  |        2|  0|   0|    0|  1024|   32|     1|        32768|
    |compute_spectrogram_stage_float_4096_int_float_float_100_re_2_U  |compute_spectrogram_stage_compute_spectrogram_stage_float_4096_int_float_floabkb  |        2|  0|   0|    0|  1024|   32|     1|        32768|
    |compute_spectrogram_stage_float_4096_int_float_float_100_im_5_U  |compute_spectrogram_stage_compute_spectrogram_stage_float_4096_int_float_floabkb  |        2|  0|   0|    0|  1024|   32|     1|        32768|
    |compute_spectrogram_stage_float_4096_int_float_float_100_re_3_U  |compute_spectrogram_stage_compute_spectrogram_stage_float_4096_int_float_floabkb  |        2|  0|   0|    0|  1024|   32|     1|        32768|
    |compute_spectrogram_stage_float_4096_int_float_float_100_im_6_U  |compute_spectrogram_stage_compute_spectrogram_stage_float_4096_int_float_floabkb  |        2|  0|   0|    0|  1024|   32|     1|        32768|
    +-----------------------------------------------------------------+----------------------------------------------------------------------------------+---------+---+----+-----+------+-----+------+-------------+
    |Total                                                            |                                                                                  |       16|  0|   0|    0|  8192|  256|     8|       262144|
    +-----------------------------------------------------------------+----------------------------------------------------------------------------------+---------+---+----+-----+------+-----+------+-------------+

    * FIFO: 
    N/A

    * Expression: 
    +------------------------+----------+----+---+----+------------+------------+
    |      Variable Name     | Operation| DSP| FF| LUT| Bitwidth P0| Bitwidth P1|
    +------------------------+----------+----+---+----+------------+------------+
    |add_ln105_fu_570_p2     |         +|   0|  0|  38|          31|           1|
    |add_ln44_fu_733_p2      |         +|   0|  0|  20|          13|           1|
    |add_ln61_fu_812_p2      |         +|   0|  0|  71|          64|          64|
    |icmp_ln105_1_fu_565_p2  |      icmp|   0|  0|  39|          32|          32|
    |icmp_ln105_fu_507_p2    |      icmp|   0|  0|  39|          32|           1|
    |icmp_ln44_fu_576_p2     |      icmp|   0|  0|  21|          13|          14|
    |icmp_ln49_fu_635_p2     |      icmp|   0|  0|  39|          32|          32|
    |icmp_ln56_fu_739_p2     |      icmp|   0|  0|  39|          32|          13|
    |icmp_ln61_fu_801_p2     |      icmp|   0|  0|  59|          52|           1|
    |empty_fu_525_p3         |    select|   0|  0|  43|           1|          43|
    +------------------------+----------+----+---+----+------------+------------+
    |Total                   |          |   0|  0| 408|         302|         202|
    +------------------------+----------+----+---+----+------------+------------+

    * Multiplexer: 
    +------------------------------------------------------------------------------+-----+-----------+-----+-----------+
    |                                     Name                                     | LUT | Input Size| Bits| Total Bits|
    +------------------------------------------------------------------------------+-----+-----------+-----+-----------+
    |ap_NS_fsm                                                                     |  217|         50|    1|         50|
    |compute_spectrogram_stage_float_4096_int_float_float_100_im_4_address0        |   17|          4|   10|         40|
    |compute_spectrogram_stage_float_4096_int_float_float_100_im_4_address0_local  |   13|          3|   10|         30|
    |compute_spectrogram_stage_float_4096_int_float_float_100_im_4_ce0             |   17|          4|    1|          4|
    |compute_spectrogram_stage_float_4096_int_float_float_100_im_4_ce1             |    9|          2|    1|          2|
    |compute_spectrogram_stage_float_4096_int_float_float_100_im_4_d0              |   13|          3|   32|         96|
    |compute_spectrogram_stage_float_4096_int_float_float_100_im_4_d0_local        |   13|          3|   32|         96|
    |compute_spectrogram_stage_float_4096_int_float_float_100_im_4_we0             |   13|          3|    1|          3|
    |compute_spectrogram_stage_float_4096_int_float_float_100_im_5_address0        |   17|          4|   10|         40|
    |compute_spectrogram_stage_float_4096_int_float_float_100_im_5_address0_local  |   13|          3|   10|         30|
    |compute_spectrogram_stage_float_4096_int_float_float_100_im_5_ce0             |   17|          4|    1|          4|
    |compute_spectrogram_stage_float_4096_int_float_float_100_im_5_ce1             |    9|          2|    1|          2|
    |compute_spectrogram_stage_float_4096_int_float_float_100_im_5_d0              |   13|          3|   32|         96|
    |compute_spectrogram_stage_float_4096_int_float_float_100_im_5_d0_local        |   13|          3|   32|         96|
    |compute_spectrogram_stage_float_4096_int_float_float_100_im_5_we0             |   13|          3|    1|          3|
    |compute_spectrogram_stage_float_4096_int_float_float_100_im_6_address0        |   17|          4|   10|         40|
    |compute_spectrogram_stage_float_4096_int_float_float_100_im_6_address0_local  |   13|          3|   10|         30|
    |compute_spectrogram_stage_float_4096_int_float_float_100_im_6_ce0             |   17|          4|    1|          4|
    |compute_spectrogram_stage_float_4096_int_float_float_100_im_6_ce1             |    9|          2|    1|          2|
    |compute_spectrogram_stage_float_4096_int_float_float_100_im_6_d0              |   13|          3|   32|         96|
    |compute_spectrogram_stage_float_4096_int_float_float_100_im_6_d0_local        |   13|          3|   32|         96|
    |compute_spectrogram_stage_float_4096_int_float_float_100_im_6_we0             |   13|          3|    1|          3|
    |compute_spectrogram_stage_float_4096_int_float_float_100_im_address0          |   17|          4|   10|         40|
    |compute_spectrogram_stage_float_4096_int_float_float_100_im_address0_local    |   13|          3|   10|         30|
    |compute_spectrogram_stage_float_4096_int_float_float_100_im_ce0               |   17|          4|    1|          4|
    |compute_spectrogram_stage_float_4096_int_float_float_100_im_ce1               |    9|          2|    1|          2|
    |compute_spectrogram_stage_float_4096_int_float_float_100_im_d0                |   13|          3|   32|         96|
    |compute_spectrogram_stage_float_4096_int_float_float_100_im_d0_local          |   13|          3|   32|         96|
    |compute_spectrogram_stage_float_4096_int_float_float_100_im_we0               |   13|          3|    1|          3|
    |compute_spectrogram_stage_float_4096_int_float_float_100_re_1_address0        |   17|          4|   10|         40|
    |compute_spectrogram_stage_float_4096_int_float_float_100_re_1_address0_local  |   21|          5|   10|         50|
    |compute_spectrogram_stage_float_4096_int_float_float_100_re_1_ce0             |   17|          4|    1|          4|
    |compute_spectrogram_stage_float_4096_int_float_float_100_re_1_ce1             |    9|          2|    1|          2|
    |compute_spectrogram_stage_float_4096_int_float_float_100_re_1_d0              |   13|          3|   32|         96|
    |compute_spectrogram_stage_float_4096_int_float_float_100_re_1_d0_local        |   13|          3|   32|         96|
    |compute_spectrogram_stage_float_4096_int_float_float_100_re_1_we0             |   13|          3|    1|          3|
    |compute_spectrogram_stage_float_4096_int_float_float_100_re_2_address0        |   17|          4|   10|         40|
    |compute_spectrogram_stage_float_4096_int_float_float_100_re_2_address0_local  |   21|          5|   10|         50|
    |compute_spectrogram_stage_float_4096_int_float_float_100_re_2_ce0             |   17|          4|    1|          4|
    |compute_spectrogram_stage_float_4096_int_float_float_100_re_2_ce1             |    9|          2|    1|          2|
    |compute_spectrogram_stage_float_4096_int_float_float_100_re_2_d0              |   13|          3|   32|         96|
    |compute_spectrogram_stage_float_4096_int_float_float_100_re_2_d0_local        |   13|          3|   32|         96|
    |compute_spectrogram_stage_float_4096_int_float_float_100_re_2_we0             |   13|          3|    1|          3|
    |compute_spectrogram_stage_float_4096_int_float_float_100_re_3_address0        |   17|          4|   10|         40|
    |compute_spectrogram_stage_float_4096_int_float_float_100_re_3_address0_local  |   21|          5|   10|         50|
    |compute_spectrogram_stage_float_4096_int_float_float_100_re_3_ce0             |   17|          4|    1|          4|
    |compute_spectrogram_stage_float_4096_int_float_float_100_re_3_ce1             |    9|          2|    1|          2|
    |compute_spectrogram_stage_float_4096_int_float_float_100_re_3_d0              |   13|          3|   32|         96|
    |compute_spectrogram_stage_float_4096_int_float_float_100_re_3_d0_local        |   13|          3|   32|         96|
    |compute_spectrogram_stage_float_4096_int_float_float_100_re_3_we0             |   13|          3|    1|          3|
    |compute_spectrogram_stage_float_4096_int_float_float_100_re_address0          |   17|          4|   10|         40|
    |compute_spectrogram_stage_float_4096_int_float_float_100_re_address0_local    |   21|          5|   10|         50|
    |compute_spectrogram_stage_float_4096_int_float_float_100_re_ce0               |   17|          4|    1|          4|
    |compute_spectrogram_stage_float_4096_int_float_float_100_re_ce1               |    9|          2|    1|          2|
    |compute_spectrogram_stage_float_4096_int_float_float_100_re_d0                |   13|          3|   32|         96|
    |compute_spectrogram_stage_float_4096_int_float_float_100_re_d0_local          |   13|          3|   32|         96|
    |compute_spectrogram_stage_float_4096_int_float_float_100_re_we0               |   13|          3|    1|          3|
    |gmem0_blk_n_AR                                                                |    9|          2|    1|          2|
    |grp_fu_1094_ce                                                                |   13|          3|    1|          3|
    |grp_fu_1094_opcode                                                            |   13|          3|    2|          6|
    |grp_fu_1094_p0                                                                |   13|          3|   32|         96|
    |grp_fu_1094_p1                                                                |   13|          3|   32|         96|
    |grp_fu_1098_ce                                                                |   13|          3|    1|          3|
    |grp_fu_1098_p0                                                                |   13|          3|   32|         96|
    |grp_fu_1098_p1                                                                |   13|          3|   32|         96|
    |grp_fu_1102_ce                                                                |   13|          3|    1|          3|
    |grp_fu_1102_p0                                                                |   13|          3|   32|         96|
    |grp_fu_1102_p1                                                                |   13|          3|   32|         96|
    |grp_fu_1106_ce                                                                |    9|          2|    1|          2|
    |i_3_reg_400                                                                   |    9|          2|   64|        128|
    |i_reg_364                                                                     |    9|          2|   13|         26|
    |j_reg_376                                                                     |    9|          2|   32|         64|
    |len_reg_388                                                                   |    9|          2|   31|         62|
    |m_axi_gmem0_ARADDR                                                            |   13|          3|   64|        192|
    |m_axi_gmem0_ARBURST                                                           |    9|          2|    2|          4|
    |m_axi_gmem0_ARCACHE                                                           |    9|          2|    4|          8|
    |m_axi_gmem0_ARID                                                              |    9|          2|    1|          2|
    |m_axi_gmem0_ARLEN                                                             |   13|          3|   32|         96|
    |m_axi_gmem0_ARLOCK                                                            |    9|          2|    2|          4|
    |m_axi_gmem0_ARPROT                                                            |    9|          2|    3|          6|
    |m_axi_gmem0_ARQOS                                                             |    9|          2|    4|          8|
    |m_axi_gmem0_ARREGION                                                          |    9|          2|    4|          8|
    |m_axi_gmem0_ARSIZE                                                            |    9|          2|    3|          6|
    |m_axi_gmem0_ARUSER                                                            |    9|          2|    1|          2|
    |m_axi_gmem0_ARVALID                                                           |   13|          3|    1|          3|
    |m_axi_gmem0_RREADY                                                            |    9|          2|    1|          2|
    |m_axi_gmem2_AWVALID                                                           |    9|          2|    1|          2|
    |m_axi_gmem2_BREADY                                                            |    9|          2|    1|          2|
    |m_axi_gmem2_WVALID                                                            |    9|          2|    1|          2|
    |w_fu_158                                                                      |    9|          2|   31|         62|
    +------------------------------------------------------------------------------+-----+-----------+-----+-----------+
    |Total                                                                         | 1358|        313| 1192|       3582|
    +------------------------------------------------------------------------------+-----+-----------+-----+-----------+

    * Register: 
    +-----------------------------------------------------------------------------+----+----+-----+-----------+
    |                                     Name                                    | FF | LUT| Bits| Const Bits|
    +-----------------------------------------------------------------------------+----+----+-----+-----------+
    |add_ln105_reg_894                                                            |  31|   0|   31|          0|
    |add_ln61_reg_1084                                                            |  64|   0|   64|          0|
    |ap_CS_fsm                                                                    |  49|   0|   49|          0|
    |compute_spectrogram_stage_float_4096_int_float_float_100_im_4_add_2_reg_956  |  10|   0|   10|          0|
    |compute_spectrogram_stage_float_4096_int_float_float_100_im_4_add_reg_1004   |  10|   0|   10|          0|
    |compute_spectrogram_stage_float_4096_int_float_float_100_im_5_add_2_reg_961  |  10|   0|   10|          0|
    |compute_spectrogram_stage_float_4096_int_float_float_100_im_5_add_reg_1009   |  10|   0|   10|          0|
    |compute_spectrogram_stage_float_4096_int_float_float_100_im_6_add_2_reg_966  |  10|   0|   10|          0|
    |compute_spectrogram_stage_float_4096_int_float_float_100_im_6_add_reg_1014   |  10|   0|   10|          0|
    |compute_spectrogram_stage_float_4096_int_float_float_100_im_addr_1_reg_999   |  10|   0|   10|          0|
    |compute_spectrogram_stage_float_4096_int_float_float_100_im_addr_reg_951     |  10|   0|   10|          0|
    |compute_spectrogram_stage_float_4096_int_float_float_100_re_1_add_2_reg_936  |  10|   0|   10|          0|
    |compute_spectrogram_stage_float_4096_int_float_float_100_re_1_add_reg_976    |  10|   0|   10|          0|
    |compute_spectrogram_stage_float_4096_int_float_float_100_re_2_add_2_reg_941  |  10|   0|   10|          0|
    |compute_spectrogram_stage_float_4096_int_float_float_100_re_2_add_reg_981    |  10|   0|   10|          0|
    |compute_spectrogram_stage_float_4096_int_float_float_100_re_3_add_2_reg_946  |  10|   0|   10|          0|
    |compute_spectrogram_stage_float_4096_int_float_float_100_re_3_add_reg_986    |  10|   0|   10|          0|
    |compute_spectrogram_stage_float_4096_int_float_float_100_re_addr_1_reg_971   |  10|   0|   10|          0|
    |compute_spectrogram_stage_float_4096_int_float_float_100_re_addr_reg_931     |  10|   0|   10|          0|
    |div_reg_883                                                                  |  32|   0|   32|          0|
    |empty_reg_858                                                                |  31|   0|   43|         12|
    |grp_compute_spectrogram_stage_Pipeline_BUTTERFLY_fu_468_ap_start_reg         |   1|   0|    1|          0|
    |grp_compute_spectrogram_stage_Pipeline_LOAD_fu_411_ap_start_reg              |   1|   0|    1|          0|
    |grp_compute_spectrogram_stage_Pipeline_PSD_fu_443_ap_start_reg               |   1|   0|    1|          0|
    |grp_compute_spectrogram_stage_Pipeline_VITIS_LOOP_47_1_fu_434_ap_start_reg   |   1|   0|    1|          0|
    |i_3_reg_400                                                                  |  64|   0|   64|          0|
    |i_reg_364                                                                    |  13|   0|   13|          0|
    |icmp_ln49_reg_927                                                            |   1|   0|    1|          0|
    |j_5_loc_fu_170                                                               |  32|   0|   32|          0|
    |j_reg_376                                                                    |  32|   0|   32|          0|
    |len_reg_388                                                                  |  31|   0|   32|          1|
    |sext_ln61_reg_1071                                                           |  63|   0|   64|          1|
    |tmp_1_reg_991                                                                |  32|   0|   32|          0|
    |tmp_2_reg_1035                                                               |  32|   0|   32|          0|
    |tmp_7_reg_1051                                                               |  31|   0|   33|          2|
    |tmp_reg_1019                                                                 |  32|   0|   32|          0|
    |tmp_s_reg_1027                                                               |  32|   0|   32|          0|
    |trunc_ln1_reg_1056                                                           |  31|   0|   31|          0|
    |trunc_ln2_reg_1061                                                           |  12|   0|   12|          0|
    |trunc_ln44_reg_902                                                           |   2|   0|    2|          0|
    |trunc_ln61_1_reg_1079                                                        |  12|   0|   12|          0|
    |trunc_ln61_reg_1066                                                          |  11|   0|   11|          0|
    |trunc_ln_reg_863                                                             |  62|   0|   62|          0|
    |w_fu_158                                                                     |  31|   0|   31|          0|
    |xor_ln47_1_loc_fu_162                                                        |  12|   0|   12|          0|
    |xor_ln47_loc_fu_166                                                          |   2|   0|    2|          0|
    |xor_ln47_loc_load_reg_911                                                    |   2|   0|    2|          0|
    |zext_ln47_1_reg_915                                                          |  10|   0|   64|         54|
    +-----------------------------------------------------------------------------+----+----+-----+-----------+
    |Total                                                                        | 953|   0| 1023|         70|
    +-----------------------------------------------------------------------------+----+----+-----+-----------+



================================================================
== Interface
================================================================
* Summary: 
+----------------------+-----+-----+------------+---------------------------+--------------+
|       RTL Ports      | Dir | Bits|  Protocol  |       Source Object       |    C Type    |
+----------------------+-----+-----+------------+---------------------------+--------------+
|ap_clk                |   in|    1|  ap_ctrl_hs|  compute_spectrogram_stage|  return value|
|ap_rst                |   in|    1|  ap_ctrl_hs|  compute_spectrogram_stage|  return value|
|ap_start              |   in|    1|  ap_ctrl_hs|  compute_spectrogram_stage|  return value|
|ap_done               |  out|    1|  ap_ctrl_hs|  compute_spectrogram_stage|  return value|
|ap_idle               |  out|    1|  ap_ctrl_hs|  compute_spectrogram_stage|  return value|
|ap_ready              |  out|    1|  ap_ctrl_hs|  compute_spectrogram_stage|  return value|
|grp_fu_230_p_din0     |  out|   32|  ap_ctrl_hs|  compute_spectrogram_stage|  return value|
|grp_fu_230_p_din1     |  out|   32|  ap_ctrl_hs|  compute_spectrogram_stage|  return value|
|grp_fu_230_p_opcode   |  out|    5|  ap_ctrl_hs|  compute_spectrogram_stage|  return value|
|grp_fu_230_p_dout0    |   in|    1|  ap_ctrl_hs|  compute_spectrogram_stage|  return value|
|grp_fu_230_p_ce       |  out|    1|  ap_ctrl_hs|  compute_spectrogram_stage|  return value|
|m_axi_gmem0_AWVALID   |  out|    1|       m_axi|                      gmem0|       pointer|
|m_axi_gmem0_AWREADY   |   in|    1|       m_axi|                      gmem0|       pointer|
|m_axi_gmem0_AWADDR    |  out|   64|       m_axi|                      gmem0|       pointer|
|m_axi_gmem0_AWID      |  out|    1|       m_axi|                      gmem0|       pointer|
|m_axi_gmem0_AWLEN     |  out|   32|       m_axi|                      gmem0|       pointer|
|m_axi_gmem0_AWSIZE    |  out|    3|       m_axi|                      gmem0|       pointer|
|m_axi_gmem0_AWBURST   |  out|    2|       m_axi|                      gmem0|       pointer|
|m_axi_gmem0_AWLOCK    |  out|    2|       m_axi|                      gmem0|       pointer|
|m_axi_gmem0_AWCACHE   |  out|    4|       m_axi|                      gmem0|       pointer|
|m_axi_gmem0_AWPROT    |  out|    3|       m_axi|                      gmem0|       pointer|
|m_axi_gmem0_AWQOS     |  out|    4|       m_axi|                      gmem0|       pointer|
|m_axi_gmem0_AWREGION  |  out|    4|       m_axi|                      gmem0|       pointer|
|m_axi_gmem0_AWUSER    |  out|    1|       m_axi|                      gmem0|       pointer|
|m_axi_gmem0_WVALID    |  out|    1|       m_axi|                      gmem0|       pointer|
|m_axi_gmem0_WREADY    |   in|    1|       m_axi|                      gmem0|       pointer|
|m_axi_gmem0_WDATA     |  out|   32|       m_axi|                      gmem0|       pointer|
|m_axi_gmem0_WSTRB     |  out|    4|       m_axi|                      gmem0|       pointer|
|m_axi_gmem0_WLAST     |  out|    1|       m_axi|                      gmem0|       pointer|
|m_axi_gmem0_WID       |  out|    1|       m_axi|                      gmem0|       pointer|
|m_axi_gmem0_WUSER     |  out|    1|       m_axi|                      gmem0|       pointer|
|m_axi_gmem0_ARVALID   |  out|    1|       m_axi|                      gmem0|       pointer|
|m_axi_gmem0_ARREADY   |   in|    1|       m_axi|                      gmem0|       pointer|
|m_axi_gmem0_ARADDR    |  out|   64|       m_axi|                      gmem0|       pointer|
|m_axi_gmem0_ARID      |  out|    1|       m_axi|                      gmem0|       pointer|
|m_axi_gmem0_ARLEN     |  out|   32|       m_axi|                      gmem0|       pointer|
|m_axi_gmem0_ARSIZE    |  out|    3|       m_axi|                      gmem0|       pointer|
|m_axi_gmem0_ARBURST   |  out|    2|       m_axi|                      gmem0|       pointer|
|m_axi_gmem0_ARLOCK    |  out|    2|       m_axi|                      gmem0|       pointer|
|m_axi_gmem0_ARCACHE   |  out|    4|       m_axi|                      gmem0|       pointer|
|m_axi_gmem0_ARPROT    |  out|    3|       m_axi|                      gmem0|       pointer|
|m_axi_gmem0_ARQOS     |  out|    4|       m_axi|                      gmem0|       pointer|
|m_axi_gmem0_ARREGION  |  out|    4|       m_axi|                      gmem0|       pointer|
|m_axi_gmem0_ARUSER    |  out|    1|       m_axi|                      gmem0|       pointer|
|m_axi_gmem0_RVALID    |   in|    1|       m_axi|                      gmem0|       pointer|
|m_axi_gmem0_RREADY    |  out|    1|       m_axi|                      gmem0|       pointer|
|m_axi_gmem0_RDATA     |   in|   32|       m_axi|                      gmem0|       pointer|
|m_axi_gmem0_RLAST     |   in|    1|       m_axi|                      gmem0|       pointer|
|m_axi_gmem0_RID       |   in|    1|       m_axi|                      gmem0|       pointer|
|m_axi_gmem0_RFIFONUM  |   in|    9|       m_axi|                      gmem0|       pointer|
|m_axi_gmem0_RUSER     |   in|    1|       m_axi|                      gmem0|       pointer|
|m_axi_gmem0_RRESP     |   in|    2|       m_axi|                      gmem0|       pointer|
|m_axi_gmem0_BVALID    |   in|    1|       m_axi|                      gmem0|       pointer|
|m_axi_gmem0_BREADY    |  out|    1|       m_axi|                      gmem0|       pointer|
|m_axi_gmem0_BRESP     |   in|    2|       m_axi|                      gmem0|       pointer|
|m_axi_gmem0_BID       |   in|    1|       m_axi|                      gmem0|       pointer|
|m_axi_gmem0_BUSER     |   in|    1|       m_axi|                      gmem0|       pointer|
|windows               |   in|   64|     ap_none|                    windows|        scalar|
|num_windows           |   in|   32|     ap_none|                num_windows|        scalar|
|hann_energy           |   in|   32|     ap_none|                hann_energy|        scalar|
|m_axi_gmem2_AWVALID   |  out|    1|       m_axi|                      gmem2|       pointer|
|m_axi_gmem2_AWREADY   |   in|    1|       m_axi|                      gmem2|       pointer|
|m_axi_gmem2_AWADDR    |  out|   64|       m_axi|                      gmem2|       pointer|
|m_axi_gmem2_AWID      |  out|    1|       m_axi|                      gmem2|       pointer|
|m_axi_gmem2_AWLEN     |  out|   32|       m_axi|                      gmem2|       pointer|
|m_axi_gmem2_AWSIZE    |  out|    3|       m_axi|                      gmem2|       pointer|
|m_axi_gmem2_AWBURST   |  out|    2|       m_axi|                      gmem2|       pointer|
|m_axi_gmem2_AWLOCK    |  out|    2|       m_axi|                      gmem2|       pointer|
|m_axi_gmem2_AWCACHE   |  out|    4|       m_axi|                      gmem2|       pointer|
|m_axi_gmem2_AWPROT    |  out|    3|       m_axi|                      gmem2|       pointer|
|m_axi_gmem2_AWQOS     |  out|    4|       m_axi|                      gmem2|       pointer|
|m_axi_gmem2_AWREGION  |  out|    4|       m_axi|                      gmem2|       pointer|
|m_axi_gmem2_AWUSER    |  out|    1|       m_axi|                      gmem2|       pointer|
|m_axi_gmem2_WVALID    |  out|    1|       m_axi|                      gmem2|       pointer|
|m_axi_gmem2_WREADY    |   in|    1|       m_axi|                      gmem2|       pointer|
|m_axi_gmem2_WDATA     |  out|   32|       m_axi|                      gmem2|       pointer|
|m_axi_gmem2_WSTRB     |  out|    4|       m_axi|                      gmem2|       pointer|
|m_axi_gmem2_WLAST     |  out|    1|       m_axi|                      gmem2|       pointer|
|m_axi_gmem2_WID       |  out|    1|       m_axi|                      gmem2|       pointer|
|m_axi_gmem2_WUSER     |  out|    1|       m_axi|                      gmem2|       pointer|
|m_axi_gmem2_ARVALID   |  out|    1|       m_axi|                      gmem2|       pointer|
|m_axi_gmem2_ARREADY   |   in|    1|       m_axi|                      gmem2|       pointer|
|m_axi_gmem2_ARADDR    |  out|   64|       m_axi|                      gmem2|       pointer|
|m_axi_gmem2_ARID      |  out|    1|       m_axi|                      gmem2|       pointer|
|m_axi_gmem2_ARLEN     |  out|   32|       m_axi|                      gmem2|       pointer|
|m_axi_gmem2_ARSIZE    |  out|    3|       m_axi|                      gmem2|       pointer|
|m_axi_gmem2_ARBURST   |  out|    2|       m_axi|                      gmem2|       pointer|
|m_axi_gmem2_ARLOCK    |  out|    2|       m_axi|                      gmem2|       pointer|
|m_axi_gmem2_ARCACHE   |  out|    4|       m_axi|                      gmem2|       pointer|
|m_axi_gmem2_ARPROT    |  out|    3|       m_axi|                      gmem2|       pointer|
|m_axi_gmem2_ARQOS     |  out|    4|       m_axi|                      gmem2|       pointer|
|m_axi_gmem2_ARREGION  |  out|    4|       m_axi|                      gmem2|       pointer|
|m_axi_gmem2_ARUSER    |  out|    1|       m_axi|                      gmem2|       pointer|
|m_axi_gmem2_RVALID    |   in|    1|       m_axi|                      gmem2|       pointer|
|m_axi_gmem2_RREADY    |  out|    1|       m_axi|                      gmem2|       pointer|
|m_axi_gmem2_RDATA     |   in|   32|       m_axi|                      gmem2|       pointer|
|m_axi_gmem2_RLAST     |   in|    1|       m_axi|                      gmem2|       pointer|
|m_axi_gmem2_RID       |   in|    1|       m_axi|                      gmem2|       pointer|
|m_axi_gmem2_RFIFONUM  |   in|    9|       m_axi|                      gmem2|       pointer|
|m_axi_gmem2_RUSER     |   in|    1|       m_axi|                      gmem2|       pointer|
|m_axi_gmem2_RRESP     |   in|    2|       m_axi|                      gmem2|       pointer|
|m_axi_gmem2_BVALID    |   in|    1|       m_axi|                      gmem2|       pointer|
|m_axi_gmem2_BREADY    |  out|    1|       m_axi|                      gmem2|       pointer|
|m_axi_gmem2_BRESP     |   in|    2|       m_axi|                      gmem2|       pointer|
|m_axi_gmem2_BID       |   in|    1|       m_axi|                      gmem2|       pointer|
|m_axi_gmem2_BUSER     |   in|    1|       m_axi|                      gmem2|       pointer|
|spec_power            |   in|   64|     ap_none|                 spec_power|        scalar|
+----------------------+-----+-----+------------+---------------------------+--------------+

