

================================================================
== Vitis HLS Report for 'compute_spectrogram_stage_Pipeline_VITIS_LOOP_47_1'
================================================================
* Date:           Sat Aug  8 12:51:42 2026

* Version:        2024.1 (Build 5069499 on May 21 2024)
* Project:        fused_prj
* Solution:       solution1 (Vivado IP Flow Target)
* Product family: artix7
* Target device:  xc7a35t-csg324-1


================================================================
== Performance Estimates
================================================================
+ Timing: 
    * Summary: 
    +--------+----------+----------+------------+
    |  Clock |  Target  | Estimated| Uncertainty|
    +--------+----------+----------+------------+
    |ap_clk  |  10.00 ns|  4.312 ns|     2.70 ns|
    +--------+----------+----------+------------+

+ Latency: 
    * Summary: 
    +---------+---------+----------+----------+-----+-----+-----------------------------------------------+
    |  Latency (cycles) |  Latency (absolute) |  Interval |                    Pipeline                   |
    |   min   |   max   |    min   |    max   | min | max |                      Type                     |
    +---------+---------+----------+----------+-----+-----+-----------------------------------------------+
    |        ?|        ?|         ?|         ?|    0|    0|  loop auto-rewind stp(delay=0 clock cycles(s))|
    +---------+---------+----------+----------+-----+-----+-----------------------------------------------+

    + Detail: 
        * Instance: 
        N/A

        * Loop: 
        +-------------------+---------+---------+----------+-----------+-----------+------+----------+
        |                   |  Latency (cycles) | Iteration|  Initiation Interval  | Trip |          |
        |     Loop Name     |   min   |   max   |  Latency |  achieved |   target  | Count| Pipelined|
        +-------------------+---------+---------+----------+-----------+-----------+------+----------+
        |- VITIS_LOOP_47_1  |        ?|        ?|         1|          1|          1|     ?|       yes|
        +-------------------+---------+---------+----------+-----------+-----------+------+----------+



================================================================
== Utilization Estimates
================================================================
* Summary: 
+-----------------+---------+----+-------+-------+-----+
|       Name      | BRAM_18K| DSP|   FF  |  LUT  | URAM|
+-----------------+---------+----+-------+-------+-----+
|DSP              |        -|   -|      -|      -|    -|
|Expression       |        -|   -|      0|    119|    -|
|FIFO             |        -|   -|      -|      -|    -|
|Instance         |        -|   -|      -|      -|    -|
|Memory           |        -|   -|      -|      -|    -|
|Multiplexer      |        -|   -|      0|     36|    -|
|Register         |        -|   -|     65|      -|    -|
+-----------------+---------+----+-------+-------+-----+
|Total            |        0|   0|     65|    155|    0|
+-----------------+---------+----+-------+-------+-----+
|Available        |      100|  90|  41600|  20800|    0|
+-----------------+---------+----+-------+-------+-----+
|Utilization (%)  |        0|   0|     ~0|     ~0|    0|
+-----------------+---------+----+-------+-------+-----+

+ Detail: 
    * Instance: 
    N/A

    * DSP: 
    N/A

    * Memory: 
    N/A

    * FIFO: 
    N/A

    * Expression: 
    +--------------------+----------+----+---+----+------------+------------+
    |    Variable Name   | Operation| DSP| FF| LUT| Bitwidth P0| Bitwidth P1|
    +--------------------+----------+----+---+----+------------+------------+
    |and_ln47_fu_91_p2   |       and|   0|  0|  32|          32|          32|
    |icmp_ln47_fu_97_p2  |      icmp|   0|  0|  39|          32|           1|
    |ap_enable_pp0       |       xor|   0|  0|   2|           1|           2|
    |j_3_fu_119_p2       |       xor|   0|  0|  32|          32|          32|
    |xor_ln47_1_out      |       xor|   0|  0|  12|          12|          12|
    |xor_ln47_out        |       xor|   0|  0|   2|           2|           2|
    +--------------------+----------+----+---+----+------------+------------+
    |Total               |          |   0|  0| 119|         111|          81|
    +--------------------+----------+----+---+----+------------+------------+

    * Multiplexer: 
    +-------------------------+----+-----------+-----+-----------+
    |           Name          | LUT| Input Size| Bits| Total Bits|
    +-------------------------+----+-----------+-----+-----------+
    |ap_done_int              |   9|          2|    1|          2|
    |ap_enable_reg_pp0_iter1  |   9|          2|    1|          2|
    |bit_fu_40                |   9|          2|   30|         60|
    |j_1_fu_36                |   9|          2|   32|         64|
    +-------------------------+----+-----------+-----+-----------+
    |Total                    |  36|          8|   64|        128|
    +-------------------------+----+-----------+-----+-----------+

    * Register: 
    +-------------------------+----+----+-----+-----------+
    |           Name          | FF | LUT| Bits| Const Bits|
    +-------------------------+----+----+-----+-----------+
    |ap_CS_fsm                |   1|   0|    1|          0|
    |ap_done_reg              |   1|   0|    1|          0|
    |ap_enable_reg_pp0_iter1  |   1|   0|    1|          0|
    |bit_fu_40                |  30|   0|   30|          0|
    |j_1_fu_36                |  32|   0|   32|          0|
    +-------------------------+----+----+-----+-----------+
    |Total                    |  65|   0|   65|          0|
    +-------------------------+----+----+-----+-----------+



================================================================
== Interface
================================================================
* Summary: 
+-----------------------+-----+-----+------------+----------------------------------------------------+--------------+
|       RTL Ports       | Dir | Bits|  Protocol  |                    Source Object                   |    C Type    |
+-----------------------+-----+-----+------------+----------------------------------------------------+--------------+
|ap_clk                 |   in|    1|  ap_ctrl_hs|  compute_spectrogram_stage_Pipeline_VITIS_LOOP_47_1|  return value|
|ap_rst                 |   in|    1|  ap_ctrl_hs|  compute_spectrogram_stage_Pipeline_VITIS_LOOP_47_1|  return value|
|ap_start               |   in|    1|  ap_ctrl_hs|  compute_spectrogram_stage_Pipeline_VITIS_LOOP_47_1|  return value|
|ap_done                |  out|    1|  ap_ctrl_hs|  compute_spectrogram_stage_Pipeline_VITIS_LOOP_47_1|  return value|
|ap_idle                |  out|    1|  ap_ctrl_hs|  compute_spectrogram_stage_Pipeline_VITIS_LOOP_47_1|  return value|
|ap_ready               |  out|    1|  ap_ctrl_hs|  compute_spectrogram_stage_Pipeline_VITIS_LOOP_47_1|  return value|
|j                      |   in|   32|     ap_none|                                                   j|        scalar|
|j_5_out                |  out|   32|      ap_vld|                                             j_5_out|       pointer|
|j_5_out_ap_vld         |  out|    1|      ap_vld|                                             j_5_out|       pointer|
|xor_ln47_out           |  out|    2|      ap_vld|                                        xor_ln47_out|       pointer|
|xor_ln47_out_ap_vld    |  out|    1|      ap_vld|                                        xor_ln47_out|       pointer|
|xor_ln47_1_out         |  out|   12|      ap_vld|                                      xor_ln47_1_out|       pointer|
|xor_ln47_1_out_ap_vld  |  out|    1|      ap_vld|                                      xor_ln47_1_out|       pointer|
+-----------------------+-----+-----+------------+----------------------------------------------------+--------------+

