

================================================================
== Vitis HLS Report for 'compute_spectrogram_stage_Pipeline_LOAD'
================================================================
* Date:           Sat Aug  8 12:51:42 2026

* Version:        2024.1 (Build 5069499 on May 21 2024)
* Project:        fused_prj
* Solution:       solution1 (Vivado IP Flow Target)
* Product family: artix7
* Target device:  xc7a35t-csg324-1


================================================================
== Performance Estimates
================================================================
+ Timing: 
    * Summary: 
    +--------+----------+----------+------------+
    |  Clock |  Target  | Estimated| Uncertainty|
    +--------+----------+----------+------------+
    |ap_clk  |  10.00 ns|  7.300 ns|     2.70 ns|
    +--------+----------+----------+------------+

+ Latency: 
    * Summary: 
    +---------+---------+-----------+-----------+------+------+-----------------------------------------------+
    |  Latency (cycles) |   Latency (absolute)  |   Interval  |                    Pipeline                   |
    |   min   |   max   |    min    |    max    |  min |  max |                      Type                     |
    +---------+---------+-----------+-----------+------+------+-----------------------------------------------+
    |     4099|     4099|  40.990 us|  40.990 us|  4097|  4097|  loop auto-rewind stp(delay=0 clock cycles(s))|
    +---------+---------+-----------+-----------+------+------+-----------------------------------------------+

    + Detail: 
        * Instance: 
        N/A

        * Loop: 
        +----------+---------+---------+----------+-----------+-----------+------+----------+
        |          |  Latency (cycles) | Iteration|  Initiation Interval  | Trip |          |
        | Loop Name|   min   |   max   |  Latency |  achieved |   target  | Count| Pipelined|
        +----------+---------+---------+----------+-----------+-----------+------+----------+
        |- LOAD    |     4097|     4097|         3|          1|          1|  4096|       yes|
        +----------+---------+---------+----------+-----------+-----------+------+----------+



================================================================
== Utilization Estimates
================================================================
* Summary: 
+-----------------+---------+----+-------+-------+-----+
|       Name      | BRAM_18K| DSP|   FF  |  LUT  | URAM|
+-----------------+---------+----+-------+-------+-----+
|DSP              |        -|   -|      -|      -|    -|
|Expression       |        -|   -|      0|     45|    -|
|FIFO             |        -|   -|      -|      -|    -|
|Instance         |        -|   -|      -|      -|    -|
|Memory           |        -|   -|      -|      -|    -|
|Multiplexer      |        -|   -|      0|     45|    -|
|Register         |        -|   -|    134|      -|    -|
+-----------------+---------+----+-------+-------+-----+
|Total            |        0|   0|    134|     90|    0|
+-----------------+---------+----+-------+-------+-----+
|Available        |      100|  90|  41600|  20800|    0|
+-----------------+---------+----+-------+-------+-----+
|Utilization (%)  |        0|   0|     ~0|     ~0|    0|
+-----------------+---------+----+-------+-------+-----+

+ Detail: 
    * Instance: 
    N/A

    * DSP: 
    N/A

    * Memory: 
    N/A

    * FIFO: 
    N/A

    * Expression: 
    +---------------------------+----------+----+---+----+------------+------------+
    |       Variable Name       | Operation| DSP| FF| LUT| Bitwidth P0| Bitwidth P1|
    +---------------------------+----------+----+---+----+------------+------------+
    |add_ln108_fu_213_p2        |         +|   0|  0|  20|          13|           1|
    |ap_block_pp0_stage0_11001  |       and|   0|  0|   2|           1|           1|
    |icmp_ln108_fu_207_p2       |      icmp|   0|  0|  21|          13|          14|
    |ap_enable_pp0              |       xor|   0|  0|   2|           1|           2|
    +---------------------------+----------+----+---+----+------------+------------+
    |Total                      |          |   0|  0|  45|          28|          18|
    +---------------------------+----------+----+---+----+------------+------------+

    * Multiplexer: 
    +-------------------------+----+-----------+-----+-----------+
    |           Name          | LUT| Input Size| Bits| Total Bits|
    +-------------------------+----+-----------+-----+-----------+
    |ap_done_int              |   9|          2|    1|          2|
    |ap_enable_reg_pp0_iter1  |   9|          2|    1|          2|
    |ap_sig_allocacmp_s_1     |   9|          2|   13|         26|
    |gmem0_blk_n_R            |   9|          2|    1|          2|
    |s_fu_76                  |   9|          2|   13|         26|
    +-------------------------+----+-----------+-----+-----------+
    |Total                    |  45|         10|   29|         58|
    +-------------------------+----+-----------+-----+-----------+

    * Register: 
    +-----------------------------------------------------------------------------------------+----+----+-----+-----------+
    |                                           Name                                          | FF | LUT| Bits| Const Bits|
    +-----------------------------------------------------------------------------------------+----+----+-----+-----------+
    |ap_CS_fsm                                                                                |   1|   0|    1|          0|
    |ap_done_reg                                                                              |   1|   0|    1|          0|
    |ap_enable_reg_pp0_iter1                                                                  |   1|   0|    1|          0|
    |ap_enable_reg_pp0_iter2                                                                  |   1|   0|    1|          0|
    |ap_loop_exit_ready_pp0_iter1_reg                                                         |   1|   0|    1|          0|
    |bitcast_ln110_reg_300                                                                    |  32|   0|   32|          0|
    |compute_spectrogram_stage_float_4096_int_float_float_100_re_1_add_reg_285                |  10|   0|   10|          0|
    |compute_spectrogram_stage_float_4096_int_float_float_100_re_1_add_reg_285_pp0_iter1_reg  |  10|   0|   10|          0|
    |compute_spectrogram_stage_float_4096_int_float_float_100_re_2_add_reg_290                |  10|   0|   10|          0|
    |compute_spectrogram_stage_float_4096_int_float_float_100_re_2_add_reg_290_pp0_iter1_reg  |  10|   0|   10|          0|
    |compute_spectrogram_stage_float_4096_int_float_float_100_re_3_add_reg_295                |  10|   0|   10|          0|
    |compute_spectrogram_stage_float_4096_int_float_float_100_re_3_add_reg_295_pp0_iter1_reg  |  10|   0|   10|          0|
    |compute_spectrogram_stage_float_4096_int_float_float_100_re_addr_reg_280                 |  10|   0|   10|          0|
    |compute_spectrogram_stage_float_4096_int_float_float_100_re_addr_reg_280_pp0_iter1_reg   |  10|   0|   10|          0|
    |s_fu_76                                                                                  |  13|   0|   13|          0|
    |trunc_ln108_reg_276                                                                      |   2|   0|    2|          0|
    |trunc_ln108_reg_276_pp0_iter1_reg                                                        |   2|   0|    2|          0|
    +-----------------------------------------------------------------------------------------+----+----+-----+-----------+
    |Total                                                                                    | 134|   0|  134|          0|
    +-----------------------------------------------------------------------------------------+----+----+-----+-----------+



================================================================
== Interface
================================================================
* Summary: 
+------------------------------------------------------------------------+-----+-----+------------+---------------------------------------------------------------+--------------+
|                                RTL Ports                               | Dir | Bits|  Protocol  |                         Source Object                         |    C Type    |
+------------------------------------------------------------------------+-----+-----+------------+---------------------------------------------------------------+--------------+
|ap_clk                                                                  |   in|    1|  ap_ctrl_hs|                        compute_spectrogram_stage_Pipeline_LOAD|  return value|
|ap_rst                                                                  |   in|    1|  ap_ctrl_hs|                        compute_spectrogram_stage_Pipeline_LOAD|  return value|
|ap_start                                                                |   in|    1|  ap_ctrl_hs|                        compute_spectrogram_stage_Pipeline_LOAD|  return value|
|ap_done                                                                 |  out|    1|  ap_ctrl_hs|                        compute_spectrogram_stage_Pipeline_LOAD|  return value|
|ap_idle                                                                 |  out|    1|  ap_ctrl_hs|                        compute_spectrogram_stage_Pipeline_LOAD|  return value|
|ap_ready                                                                |  out|    1|  ap_ctrl_hs|                        compute_spectrogram_stage_Pipeline_LOAD|  return value|
|m_axi_gmem0_AWVALID                                                     |  out|    1|       m_axi|                                                          gmem0|       pointer|
|m_axi_gmem0_AWREADY                                                     |   in|    1|       m_axi|                                                          gmem0|       pointer|
|m_axi_gmem0_AWADDR                                                      |  out|   64|       m_axi|                                                          gmem0|       pointer|
|m_axi_gmem0_AWID                                                        |  out|    1|       m_axi|                                                          gmem0|       pointer|
|m_axi_gmem0_AWLEN                                                       |  out|   32|       m_axi|                                                          gmem0|       pointer|
|m_axi_gmem0_AWSIZE                                                      |  out|    3|       m_axi|                                                          gmem0|       pointer|
|m_axi_gmem0_AWBURST                                                     |  out|    2|       m_axi|                                                          gmem0|       pointer|
|m_axi_gmem0_AWLOCK                                                      |  out|    2|       m_axi|                                                          gmem0|       pointer|
|m_axi_gmem0_AWCACHE                                                     |  out|    4|       m_axi|                                                          gmem0|       pointer|
|m_axi_gmem0_AWPROT                                                      |  out|    3|       m_axi|                                                          gmem0|       pointer|
|m_axi_gmem0_AWQOS                                                       |  out|    4|       m_axi|                                                          gmem0|       pointer|
|m_axi_gmem0_AWREGION                                                    |  out|    4|       m_axi|                                                          gmem0|       pointer|
|m_axi_gmem0_AWUSER                                                      |  out|    1|       m_axi|                                                          gmem0|       pointer|
|m_axi_gmem0_WVALID                                                      |  out|    1|       m_axi|                                                          gmem0|       pointer|
|m_axi_gmem0_WREADY                                                      |   in|    1|       m_axi|                                                          gmem0|       pointer|
|m_axi_gmem0_WDATA                                                       |  out|   32|       m_axi|                                                          gmem0|       pointer|
|m_axi_gmem0_WSTRB                                                       |  out|    4|       m_axi|                                                          gmem0|       pointer|
|m_axi_gmem0_WLAST                                                       |  out|    1|       m_axi|                                                          gmem0|       pointer|
|m_axi_gmem0_WID                                                         |  out|    1|       m_axi|                                                          gmem0|       pointer|
|m_axi_gmem0_WUSER                                                       |  out|    1|       m_axi|                                                          gmem0|       pointer|
|m_axi_gmem0_ARVALID                                                     |  out|    1|       m_axi|                                                          gmem0|       pointer|
|m_axi_gmem0_ARREADY                                                     |   in|    1|       m_axi|                                                          gmem0|       pointer|
|m_axi_gmem0_ARADDR                                                      |  out|   64|       m_axi|                                                          gmem0|       pointer|
|m_axi_gmem0_ARID                                                        |  out|    1|       m_axi|                                                          gmem0|       pointer|
|m_axi_gmem0_ARLEN                                                       |  out|   32|       m_axi|                                                          gmem0|       pointer|
|m_axi_gmem0_ARSIZE                                                      |  out|    3|       m_axi|                                                          gmem0|       pointer|
|m_axi_gmem0_ARBURST                                                     |  out|    2|       m_axi|                                                          gmem0|       pointer|
|m_axi_gmem0_ARLOCK                                                      |  out|    2|       m_axi|                                                          gmem0|       pointer|
|m_axi_gmem0_ARCACHE                                                     |  out|    4|       m_axi|                                                          gmem0|       pointer|
|m_axi_gmem0_ARPROT                                                      |  out|    3|       m_axi|                                                          gmem0|       pointer|
|m_axi_gmem0_ARQOS                                                       |  out|    4|       m_axi|                                                          gmem0|       pointer|
|m_axi_gmem0_ARREGION                                                    |  out|    4|       m_axi|                                                          gmem0|       pointer|
|m_axi_gmem0_ARUSER                                                      |  out|    1|       m_axi|                                                          gmem0|       pointer|
|m_axi_gmem0_RVALID                                                      |   in|    1|       m_axi|                                                          gmem0|       pointer|
|m_axi_gmem0_RREADY                                                      |  out|    1|       m_axi|                                                          gmem0|       pointer|
|m_axi_gmem0_RDATA                                                       |   in|   32|       m_axi|                                                          gmem0|       pointer|
|m_axi_gmem0_RLAST                                                       |   in|    1|       m_axi|                                                          gmem0|       pointer|
|m_axi_gmem0_RID                                                         |   in|    1|       m_axi|                                                          gmem0|       pointer|
|m_axi_gmem0_RFIFONUM                                                    |   in|    9|       m_axi|                                                          gmem0|       pointer|
|m_axi_gmem0_RUSER                                                       |   in|    1|       m_axi|                                                          gmem0|       pointer|
|m_axi_gmem0_RRESP                                                       |   in|    2|       m_axi|                                                          gmem0|       pointer|
|m_axi_gmem0_BVALID                                                      |   in|    1|       m_axi|                                                          gmem0|       pointer|
|m_axi_gmem0_BREADY                                                      |  out|    1|       m_axi|                                                          gmem0|       pointer|
|m_axi_gmem0_BRESP                                                       |   in|    2|       m_axi|                                                          gmem0|       pointer|
|m_axi_gmem0_BID                                                         |   in|    1|       m_axi|                                                          gmem0|       pointer|
|m_axi_gmem0_BUSER                                                       |   in|    1|       m_axi|                                                          gmem0|       pointer|
|sext_ln105                                                              |   in|   62|     ap_none|                                                     sext_ln105|        scalar|
|compute_spectrogram_stage_float_4096_int_float_float_100_re_address0    |  out|   10|   ap_memory|    compute_spectrogram_stage_float_4096_int_float_float_100_re|         array|
|compute_spectrogram_stage_float_4096_int_float_float_100_re_ce0         |  out|    1|   ap_memory|    compute_spectrogram_stage_float_4096_int_float_float_100_re|         array|
|compute_spectrogram_stage_float_4096_int_float_float_100_re_we0         |  out|    1|   ap_memory|    compute_spectrogram_stage_float_4096_int_float_float_100_re|         array|
|compute_spectrogram_stage_float_4096_int_float_float_100_re_d0          |  out|   32|   ap_memory|    compute_spectrogram_stage_float_4096_int_float_float_100_re|         array|
|compute_spectrogram_stage_float_4096_int_float_float_100_im_address0    |  out|   10|   ap_memory|    compute_spectrogram_stage_float_4096_int_float_float_100_im|         array|
|compute_spectrogram_stage_float_4096_int_float_float_100_im_ce0         |  out|    1|   ap_memory|    compute_spectrogram_stage_float_4096_int_float_float_100_im|         array|
|compute_spectrogram_stage_float_4096_int_float_float_100_im_we0         |  out|    1|   ap_memory|    compute_spectrogram_stage_float_4096_int_float_float_100_im|         array|
|compute_spectrogram_stage_float_4096_int_float_float_100_im_d0          |  out|   32|   ap_memory|    compute_spectrogram_stage_float_4096_int_float_float_100_im|         array|
|compute_spectrogram_stage_float_4096_int_float_float_100_re_1_address0  |  out|   10|   ap_memory|  compute_spectrogram_stage_float_4096_int_float_float_100_re_1|         array|
|compute_spectrogram_stage_float_4096_int_float_float_100_re_1_ce0       |  out|    1|   ap_memory|  compute_spectrogram_stage_float_4096_int_float_float_100_re_1|         array|
|compute_spectrogram_stage_float_4096_int_float_float_100_re_1_we0       |  out|    1|   ap_memory|  compute_spectrogram_stage_float_4096_int_float_float_100_re_1|         array|
|compute_spectrogram_stage_float_4096_int_float_float_100_re_1_d0        |  out|   32|   ap_memory|  compute_spectrogram_stage_float_4096_int_float_float_100_re_1|         array|
|compute_spectrogram_stage_float_4096_int_float_float_100_im_4_address0  |  out|   10|   ap_memory|  compute_spectrogram_stage_float_4096_int_float_float_100_im_4|         array|
|compute_spectrogram_stage_float_4096_int_float_float_100_im_4_ce0       |  out|    1|   ap_memory|  compute_spectrogram_stage_float_4096_int_float_float_100_im_4|         array|
|compute_spectrogram_stage_float_4096_int_float_float_100_im_4_we0       |  out|    1|   ap_memory|  compute_spectrogram_stage_float_4096_int_float_float_100_im_4|         array|
|compute_spectrogram_stage_float_4096_int_float_float_100_im_4_d0        |  out|   32|   ap_memory|  compute_spectrogram_stage_float_4096_int_float_float_100_im_4|         array|
|compute_spectrogram_stage_float_4096_int_float_float_100_re_2_address0  |  out|   10|   ap_memory|  compute_spectrogram_stage_float_4096_int_float_float_100_re_2|         array|
|compute_spectrogram_stage_float_4096_int_float_float_100_re_2_ce0       |  out|    1|   ap_memory|  compute_spectrogram_stage_float_4096_int_float_float_100_re_2|         array|
|compute_spectrogram_stage_float_4096_int_float_float_100_re_2_we0       |  out|    1|   ap_memory|  compute_spectrogram_stage_float_4096_int_float_float_100_re_2|         array|
|compute_spectrogram_stage_float_4096_int_float_float_100_re_2_d0        |  out|   32|   ap_memory|  compute_spectrogram_stage_float_4096_int_float_float_100_re_2|         array|
|compute_spectrogram_stage_float_4096_int_float_float_100_im_5_address0  |  out|   10|   ap_memory|  compute_spectrogram_stage_float_4096_int_float_float_100_im_5|         array|
|compute_spectrogram_stage_float_4096_int_float_float_100_im_5_ce0       |  out|    1|   ap_memory|  compute_spectrogram_stage_float_4096_int_float_float_100_im_5|         array|
|compute_spectrogram_stage_float_4096_int_float_float_100_im_5_we0       |  out|    1|   ap_memory|  compute_spectrogram_stage_float_4096_int_float_float_100_im_5|         array|
|compute_spectrogram_stage_float_4096_int_float_float_100_im_5_d0        |  out|   32|   ap_memory|  compute_spectrogram_stage_float_4096_int_float_float_100_im_5|         array|
|compute_spectrogram_stage_float_4096_int_float_float_100_re_3_address0  |  out|   10|   ap_memory|  compute_spectrogram_stage_float_4096_int_float_float_100_re_3|         array|
|compute_spectrogram_stage_float_4096_int_float_float_100_re_3_ce0       |  out|    1|   ap_memory|  compute_spectrogram_stage_float_4096_int_float_float_100_re_3|         array|
|compute_spectrogram_stage_float_4096_int_float_float_100_re_3_we0       |  out|    1|   ap_memory|  compute_spectrogram_stage_float_4096_int_float_float_100_re_3|         array|
|compute_spectrogram_stage_float_4096_int_float_float_100_re_3_d0        |  out|   32|   ap_memory|  compute_spectrogram_stage_float_4096_int_float_float_100_re_3|         array|
|compute_spectrogram_stage_float_4096_int_float_float_100_im_6_address0  |  out|   10|   ap_memory|  compute_spectrogram_stage_float_4096_int_float_float_100_im_6|         array|
|compute_spectrogram_stage_float_4096_int_float_float_100_im_6_ce0       |  out|    1|   ap_memory|  compute_spectrogram_stage_float_4096_int_float_float_100_im_6|         array|
|compute_spectrogram_stage_float_4096_int_float_float_100_im_6_we0       |  out|    1|   ap_memory|  compute_spectrogram_stage_float_4096_int_float_float_100_im_6|         array|
|compute_spectrogram_stage_float_4096_int_float_float_100_im_6_d0        |  out|   32|   ap_memory|  compute_spectrogram_stage_float_4096_int_float_float_100_im_6|         array|
+------------------------------------------------------------------------+-----+-----+------------+---------------------------------------------------------------+--------------+

