

================================================================
== Vitis HLS Report for 'detect_peaks_stage_Pipeline_VITIS_LOOP_147_1_VITIS_LOOP_148_2'
================================================================
* Date:           Sat Aug  8 12:51:45 2026

* Version:        2024.1 (Build 5069499 on May 21 2024)
* Project:        fused_prj
* Solution:       solution1 (Vivado IP Flow Target)
* Product family: artix7
* Target device:  xc7a35t-csg324-1


================================================================
== Performance Estimates
================================================================
+ Timing: 
    * Summary: 
    +--------+----------+----------+------------+
    |  Clock |  Target  | Estimated| Uncertainty|
    +--------+----------+----------+------------+
    |ap_clk  |  10.00 ns|  6.661 ns|     2.70 ns|
    +--------+----------+----------+------------+

+ Latency: 
    * Summary: 
    +---------+---------+-----------+-----------+------+------+-----------------------------------------------+
    |  Latency (cycles) |   Latency (absolute)  |   Interval  |                    Pipeline                   |
    |   min   |   max   |    min    |    max    |  min |  max |                      Type                     |
    +---------+---------+-----------+-----------+------+------+-----------------------------------------------+
    |     4105|     4105|  41.050 us|  41.050 us|  4101|  4101|  loop auto-rewind stp(delay=0 clock cycles(s))|
    +---------+---------+-----------+-----------+------+------+-----------------------------------------------+

    + Detail: 
        * Instance: 
        N/A

        * Loop: 
        +-------------------------------------+---------+---------+----------+-----------+-----------+------+----------+
        |                                     |  Latency (cycles) | Iteration|  Initiation Interval  | Trip |          |
        |              Loop Name              |   min   |   max   |  Latency |  achieved |   target  | Count| Pipelined|
        +-------------------------------------+---------+---------+----------+-----------+-----------+------+----------+
        |- VITIS_LOOP_147_1_VITIS_LOOP_148_2  |     4103|     4103|         5|          1|          1|  4100|       yes|
        +-------------------------------------+---------+---------+----------+-----------+-----------+------+----------+



================================================================
== Utilization Estimates
================================================================
* Summary: 
+-----------------+---------+----+-------+-------+-----+
|       Name      | BRAM_18K| DSP|   FF  |  LUT  | URAM|
+-----------------+---------+----+-------+-------+-----+
|DSP              |        -|   1|      -|      -|    -|
|Expression       |        -|   -|      0|     97|    -|
|FIFO             |        -|   -|      -|      -|    -|
|Instance         |        -|   -|      -|      -|    -|
|Memory           |        -|   -|      -|      -|    -|
|Multiplexer      |        -|   -|      0|     54|    -|
|Register         |        -|   -|     49|      -|    -|
+-----------------+---------+----+-------+-------+-----+
|Total            |        0|   1|     49|    151|    0|
+-----------------+---------+----+-------+-------+-----+
|Available        |      100|  90|  41600|  20800|    0|
+-----------------+---------+----+-------+-------+-----+
|Utilization (%)  |        0|   1|     ~0|     ~0|    0|
+-----------------+---------+----+-------+-------+-----+

+ Detail: 
    * Instance: 
    N/A

    * DSP: 
    +-----------------------------------+-------------------------------+--------------+
    |              Instance             |             Module            |  Expression  |
    +-----------------------------------+-------------------------------+--------------+
    |mac_muladd_7ns_6ns_7ns_13_4_1_U88  |mac_muladd_7ns_6ns_7ns_13_4_1  |  i0 * i1 + i2|
    +-----------------------------------+-------------------------------+--------------+

    * Memory: 
    N/A

    * FIFO: 
    N/A

    * Expression: 
    +--------------------------+----------+----+---+----+------------+------------+
    |       Variable Name      | Operation| DSP| FF| LUT| Bitwidth P0| Bitwidth P1|
    +--------------------------+----------+----+---+----+------------+------------+
    |add_ln147_1_fu_92_p2      |         +|   0|  0|  20|          13|           1|
    |add_ln147_fu_109_p2       |         +|   0|  0|  14|           6|           1|
    |add_ln148_fu_141_p2       |         +|   0|  0|  14|           7|           1|
    |icmp_ln147_fu_86_p2       |      icmp|   0|  0|  20|          13|          13|
    |icmp_ln148_fu_115_p2      |      icmp|   0|  0|  14|           7|           6|
    |select_ln147_1_fu_129_p3  |    select|   0|  0|   6|           1|           6|
    |select_ln147_fu_121_p3    |    select|   0|  0|   7|           1|           1|
    |ap_enable_pp0             |       xor|   0|  0|   2|           1|           2|
    +--------------------------+----------+----+---+----+------------+------------+
    |Total                     |          |   0|  0|  97|          49|          31|
    +--------------------------+----------+----+---+----+------------+------------+

    * Multiplexer: 
    +--------------------------------------+----+-----------+-----+-----------+
    |                 Name                 | LUT| Input Size| Bits| Total Bits|
    +--------------------------------------+----+-----------+-----+-----------+
    |ap_done_int                           |   9|          2|    1|          2|
    |ap_enable_reg_pp0_iter1               |   9|          2|    1|          2|
    |ap_sig_allocacmp_indvar_flatten_load  |   9|          2|   13|         26|
    |i_fu_46                               |   9|          2|    6|         12|
    |indvar_flatten_fu_50                  |   9|          2|   13|         26|
    |j_fu_42                               |   9|          2|    7|         14|
    +--------------------------------------+----+-----------+-----+-----------+
    |Total                                 |  54|         12|   41|         82|
    +--------------------------------------+----+-----------+-----+-----------+

    * Register: 
    +------------------------------------+----+----+-----+-----------+
    |                Name                | FF | LUT| Bits| Const Bits|
    +------------------------------------+----+----+-----+-----------+
    |ap_CS_fsm                           |   1|   0|    1|          0|
    |ap_done_reg                         |   1|   0|    1|          0|
    |ap_enable_reg_pp0_iter1             |   1|   0|    1|          0|
    |ap_enable_reg_pp0_iter2             |   1|   0|    1|          0|
    |ap_enable_reg_pp0_iter3             |   1|   0|    1|          0|
    |ap_enable_reg_pp0_iter4             |   1|   0|    1|          0|
    |ap_loop_exit_ready_pp0_iter1_reg    |   1|   0|    1|          0|
    |ap_loop_exit_ready_pp0_iter2_reg    |   1|   0|    1|          0|
    |ap_loop_exit_ready_pp0_iter3_reg    |   1|   0|    1|          0|
    |i_fu_46                             |   6|   0|    6|          0|
    |indvar_flatten_fu_50                |  13|   0|   13|          0|
    |j_fu_42                             |   7|   0|    7|          0|
    |select_ln147_reg_198                |   7|   0|    7|          0|
    |select_ln147_reg_198_pp0_iter2_reg  |   7|   0|    7|          0|
    +------------------------------------+----+----+-----+-----------+
    |Total                               |  49|   0|   49|          0|
    +------------------------------------+----+----+-----+-----------+



================================================================
== Interface
================================================================
* Summary: 
+-------------------+-----+-----+------------+---------------------------------------------------------------+--------------+
|     RTL Ports     | Dir | Bits|  Protocol  |                         Source Object                         |    C Type    |
+-------------------+-----+-----+------------+---------------------------------------------------------------+--------------+
|ap_clk             |   in|    1|  ap_ctrl_hs|  detect_peaks_stage_Pipeline_VITIS_LOOP_147_1_VITIS_LOOP_148_2|  return value|
|ap_rst             |   in|    1|  ap_ctrl_hs|  detect_peaks_stage_Pipeline_VITIS_LOOP_147_1_VITIS_LOOP_148_2|  return value|
|ap_start           |   in|    1|  ap_ctrl_hs|  detect_peaks_stage_Pipeline_VITIS_LOOP_147_1_VITIS_LOOP_148_2|  return value|
|ap_done            |  out|    1|  ap_ctrl_hs|  detect_peaks_stage_Pipeline_VITIS_LOOP_147_1_VITIS_LOOP_148_2|  return value|
|ap_idle            |  out|    1|  ap_ctrl_hs|  detect_peaks_stage_Pipeline_VITIS_LOOP_147_1_VITIS_LOOP_148_2|  return value|
|ap_ready           |  out|    1|  ap_ctrl_hs|  detect_peaks_stage_Pipeline_VITIS_LOOP_147_1_VITIS_LOOP_148_2|  return value|
|line_buf_address0  |  out|   13|   ap_memory|                                                       line_buf|         array|
|line_buf_ce0       |  out|    1|   ap_memory|                                                       line_buf|         array|
|line_buf_we0       |  out|    1|   ap_memory|                                                       line_buf|         array|
|line_buf_d0        |  out|   32|   ap_memory|                                                       line_buf|         array|
+-------------------+-----+-----+------------+---------------------------------------------------------------+--------------+

