

================================================================
== Vitis HLS Report for 'detect_peaks_stage_Pipeline_VITIS_LOOP_174_9_VITIS_LOOP_175_10'
================================================================
* Date:           Sat Aug  8 12:51:46 2026

* Version:        2024.1 (Build 5069499 on May 21 2024)
* Project:        fused_prj
* Solution:       solution1 (Vivado IP Flow Target)
* Product family: artix7
* Target device:  xc7a35t-csg324-1


================================================================
== Performance Estimates
================================================================
+ Timing: 
    * Summary: 
    +--------+----------+----------+------------+
    |  Clock |  Target  | Estimated| Uncertainty|
    +--------+----------+----------+------------+
    |ap_clk  |  10.00 ns|  6.514 ns|     2.70 ns|
    +--------+----------+----------+------------+

+ Latency: 
    * Summary: 
    +---------+---------+-----------+-----------+------+------+-----------------------------------------------+
    |  Latency (cycles) |   Latency (absolute)  |   Interval  |                    Pipeline                   |
    |   min   |   max   |    min    |    max    |  min |  max |                      Type                     |
    +---------+---------+-----------+-----------+------+------+-----------------------------------------------+
    |     1644|     1644|  16.440 us|  16.440 us|  1641|  1641|  loop auto-rewind stp(delay=0 clock cycles(s))|
    +---------+---------+-----------+-----------+------+------+-----------------------------------------------+

    + Detail: 
        * Instance: 
        N/A

        * Loop: 
        +--------------------------------------+---------+---------+----------+-----------+-----------+------+----------+
        |                                      |  Latency (cycles) | Iteration|  Initiation Interval  | Trip |          |
        |               Loop Name              |   min   |   max   |  Latency |  achieved |   target  | Count| Pipelined|
        +--------------------------------------+---------+---------+----------+-----------+-----------+------+----------+
        |- VITIS_LOOP_174_9_VITIS_LOOP_175_10  |     1642|     1642|         4|          1|          1|  1640|       yes|
        +--------------------------------------+---------+---------+----------+-----------+-----------+------+----------+



================================================================
== Utilization Estimates
================================================================
* Summary: 
+-----------------+---------+----+-------+-------+-----+
|       Name      | BRAM_18K| DSP|   FF  |  LUT  | URAM|
+-----------------+---------+----+-------+-------+-----+
|DSP              |        -|   -|      -|      -|    -|
|Expression       |        -|   -|      0|    128|    -|
|FIFO             |        -|   -|      -|      -|    -|
|Instance         |        -|   0|      0|     33|    -|
|Memory           |        -|   -|      -|      -|    -|
|Multiplexer      |        -|   -|      0|     54|    -|
|Register         |        -|   -|     64|      -|    -|
+-----------------+---------+----+-------+-------+-----+
|Total            |        0|   0|     64|    215|    0|
+-----------------+---------+----+-------+-------+-----+
|Available        |      100|  90|  41600|  20800|    0|
+-----------------+---------+----+-------+-------+-----+
|Utilization (%)  |        0|   0|     ~0|      1|    0|
+-----------------+---------+----+-------+-------+-----+

+ Detail: 
    * Instance: 
    +-------------------------+--------------------+---------+----+---+----+-----+
    |         Instance        |       Module       | BRAM_18K| DSP| FF| LUT| URAM|
    +-------------------------+--------------------+---------+----+---+----+-----+
    |mul_6ns_7ns_11_1_1_U100  |mul_6ns_7ns_11_1_1  |        0|   0|  0|  33|    0|
    +-------------------------+--------------------+---------+----+---+----+-----+
    |Total                    |                    |        0|   0|  0|  33|    0|
    +-------------------------+--------------------+---------+----+---+----+-----+

    * DSP: 
    N/A

    * Memory: 
    N/A

    * FIFO: 
    N/A

    * Expression: 
    +--------------------------+----------+----+---+----+------------+------------+
    |       Variable Name      | Operation| DSP| FF| LUT| Bitwidth P0| Bitwidth P1|
    +--------------------------+----------+----+---+----+------------+------------+
    |add_ln174_1_fu_98_p2      |         +|   0|  0|  18|          11|           1|
    |add_ln174_fu_115_p2       |         +|   0|  0|  14|           6|           1|
    |add_ln176_1_fu_172_p2     |         +|   0|  0|  18|          11|          11|
    |add_ln176_2_fu_180_p2     |         +|   0|  0|  18|          11|          11|
    |add_ln176_fu_153_p2       |         +|   0|  0|  14|           6|           1|
    |icmp_ln174_fu_92_p2       |      icmp|   0|  0|  18|          11|          10|
    |icmp_ln175_fu_121_p2      |      icmp|   0|  0|  14|           6|           6|
    |select_ln174_1_fu_135_p3  |    select|   0|  0|   6|           1|           6|
    |select_ln174_fu_127_p3    |    select|   0|  0|   6|           1|           1|
    |ap_enable_pp0             |       xor|   0|  0|   2|           1|           2|
    +--------------------------+----------+----+---+----+------------+------------+
    |Total                     |          |   0|  0| 128|          65|          50|
    +--------------------------+----------+----+---+----+------------+------------+

    * Multiplexer: 
    +----------------------------------------+----+-----------+-----+-----------+
    |                  Name                  | LUT| Input Size| Bits| Total Bits|
    +----------------------------------------+----+-----------+-----+-----------+
    |ap_done_int                             |   9|          2|    1|          2|
    |ap_enable_reg_pp0_iter1                 |   9|          2|    1|          2|
    |ap_sig_allocacmp_indvar_flatten16_load  |   9|          2|   11|         22|
    |i_2_fu_40                               |   9|          2|    6|         12|
    |indvar_flatten16_fu_44                  |   9|          2|   11|         22|
    |j_fu_36                                 |   9|          2|    6|         12|
    +----------------------------------------+----+-----------+-----+-----------+
    |Total                                   |  54|         12|   36|         72|
    +----------------------------------------+----+-----------+-----+-----------+

    * Register: 
    +----------------------------------+----+----+-----+-----------+
    |               Name               | FF | LUT| Bits| Const Bits|
    +----------------------------------+----+----+-----+-----------+
    |add_ln176_1_reg_235               |  11|   0|   11|          0|
    |add_ln176_reg_230                 |   6|   0|    6|          0|
    |ap_CS_fsm                         |   1|   0|    1|          0|
    |ap_done_reg                       |   1|   0|    1|          0|
    |ap_enable_reg_pp0_iter1           |   1|   0|    1|          0|
    |ap_enable_reg_pp0_iter2           |   1|   0|    1|          0|
    |ap_enable_reg_pp0_iter3           |   1|   0|    1|          0|
    |ap_loop_exit_ready_pp0_iter1_reg  |   1|   0|    1|          0|
    |ap_loop_exit_ready_pp0_iter2_reg  |   1|   0|    1|          0|
    |i_2_fu_40                         |   6|   0|    6|          0|
    |indvar_flatten16_fu_44            |  11|   0|   11|          0|
    |j_fu_36                           |   6|   0|    6|          0|
    |mul_ln175_reg_224                 |  11|   0|   11|          0|
    |select_ln174_reg_219              |   6|   0|    6|          0|
    +----------------------------------+----+----+-----+-----------+
    |Total                             |  64|   0|   64|          0|
    +----------------------------------+----+----+-----+-----------+



================================================================
== Interface
================================================================
* Summary: 
+-----------------+-----+-----+------------+----------------------------------------------------------------+--------------+
|    RTL Ports    | Dir | Bits|  Protocol  |                          Source Object                         |    C Type    |
+-----------------+-----+-----+------------+----------------------------------------------------------------+--------------+
|ap_clk           |   in|    1|  ap_ctrl_hs|  detect_peaks_stage_Pipeline_VITIS_LOOP_174_9_VITIS_LOOP_175_10|  return value|
|ap_rst           |   in|    1|  ap_ctrl_hs|  detect_peaks_stage_Pipeline_VITIS_LOOP_174_9_VITIS_LOOP_175_10|  return value|
|ap_start         |   in|    1|  ap_ctrl_hs|  detect_peaks_stage_Pipeline_VITIS_LOOP_174_9_VITIS_LOOP_175_10|  return value|
|ap_done          |  out|    1|  ap_ctrl_hs|  detect_peaks_stage_Pipeline_VITIS_LOOP_174_9_VITIS_LOOP_175_10|  return value|
|ap_idle          |  out|    1|  ap_ctrl_hs|  detect_peaks_stage_Pipeline_VITIS_LOOP_174_9_VITIS_LOOP_175_10|  return value|
|ap_ready         |  out|    1|  ap_ctrl_hs|  detect_peaks_stage_Pipeline_VITIS_LOOP_174_9_VITIS_LOOP_175_10|  return value|
|window_address0  |  out|   11|   ap_memory|                                                          window|         array|
|window_ce0       |  out|    1|   ap_memory|                                                          window|         array|
|window_we0       |  out|    1|   ap_memory|                                                          window|         array|
|window_d0        |  out|   32|   ap_memory|                                                          window|         array|
|window_address1  |  out|   11|   ap_memory|                                                          window|         array|
|window_ce1       |  out|    1|   ap_memory|                                                          window|         array|
|window_q1        |   in|   32|   ap_memory|                                                          window|         array|
+-----------------+-----+-----+------------+----------------------------------------------------------------+--------------+

