

================================================================
== Vitis HLS Report for 'detect_peaks_stage'
================================================================
* Date:           Sat Aug  8 12:51:47 2026

* Version:        2024.1 (Build 5069499 on May 21 2024)
* Project:        fused_prj
* Solution:       solution1 (Vivado IP Flow Target)
* Product family: artix7
* Target device:  xc7a35t-csg324-1


================================================================
== Performance Estimates
================================================================
+ Timing: 
    * Summary: 
    +--------+----------+----------+------------+
    |  Clock |  Target  | Estimated| Uncertainty|
    +--------+----------+----------+------------+
    |ap_clk  |  10.00 ns|  7.300 ns|     2.70 ns|
    +--------+----------+----------+------------+

+ Latency: 
    * Summary: 
    +---------+---------+----------+----------+-----+-----+---------+
    |  Latency (cycles) |  Latency (absolute) |  Interval | Pipeline|
    |   min   |   max   |    min   |    max   | min | max |   Type  |
    +---------+---------+----------+----------+-----+-----+---------+
    |        ?|        ?|         ?|         ?|    ?|    ?|       no|
    +---------+---------+----------+----------+-----+-----+---------+

    + Detail: 
        * Instance: 
        +----------------------------------------------------------------------------+-----------------------------------------------------------------+---------+---------+-----------+-----------+------+------+-----------------------------------------------+
        |                                                                            |                                                                 |  Latency (cycles) |   Latency (absolute)  |   Interval  |                    Pipeline                   |
        |                                  Instance                                  |                              Module                             |   min   |   max   |    min    |    max    |  min |  max |                      Type                     |
        +----------------------------------------------------------------------------+-----------------------------------------------------------------+---------+---------+-----------+-----------+------+------+-----------------------------------------------+
        |grp_detect_peaks_stage_Pipeline_VITIS_LOOP_147_1_VITIS_LOOP_148_2_fu_310    |detect_peaks_stage_Pipeline_VITIS_LOOP_147_1_VITIS_LOOP_148_2    |     4105|     4105|  41.050 us|  41.050 us|  4101|  4101|  loop auto-rewind stp(delay=0 clock cycles(s))|
        |grp_detect_peaks_stage_Pipeline_VITIS_LOOP_152_3_VITIS_LOOP_153_4_fu_316    |detect_peaks_stage_Pipeline_VITIS_LOOP_152_3_VITIS_LOOP_153_4    |     1686|     1686|  16.860 us|  16.860 us|  1682|  1682|  loop auto-rewind stp(delay=0 clock cycles(s))|
        |grp_detect_peaks_stage_Pipeline_VITIS_LOOP_167_7_fu_322                     |detect_peaks_stage_Pipeline_VITIS_LOOP_167_7                     |        ?|        ?|          ?|          ?|     0|     0|  loop auto-rewind stp(delay=0 clock cycles(s))|
        |grp_detect_peaks_stage_Pipeline_VITIS_LOOP_163_6_fu_328                     |detect_peaks_stage_Pipeline_VITIS_LOOP_163_6                     |        ?|        ?|          ?|          ?|     0|     0|  loop auto-rewind stp(delay=0 clock cycles(s))|
        |grp_detect_peaks_stage_Pipeline_VITIS_LOOP_174_9_VITIS_LOOP_175_10_fu_337   |detect_peaks_stage_Pipeline_VITIS_LOOP_174_9_VITIS_LOOP_175_10   |     1644|     1644|  16.440 us|  16.440 us|  1641|  1641|  loop auto-rewind stp(delay=0 clock cycles(s))|
        |grp_detect_peaks_stage_Pipeline_VITIS_LOOP_187_12_fu_342                    |detect_peaks_stage_Pipeline_VITIS_LOOP_187_12                    |       43|       43|   0.430 us|   0.430 us|    42|    42|  loop auto-rewind stp(delay=0 clock cycles(s))|
        |grp_detect_peaks_stage_Pipeline_VITIS_LOOP_182_11_fu_347                    |detect_peaks_stage_Pipeline_VITIS_LOOP_182_11                    |       61|       61|   0.610 us|   0.610 us|    42|    42|  loop auto-rewind stp(delay=0 clock cycles(s))|
        |grp_detect_peaks_stage_Pipeline_VITIS_LOOP_200_13_VITIS_LOOP_201_14_fu_356  |detect_peaks_stage_Pipeline_VITIS_LOOP_200_13_VITIS_LOOP_201_14  |     5051|     5051|  50.510 us|  50.510 us|  5046|  5046|  loop auto-rewind stp(delay=0 clock cycles(s))|
        +----------------------------------------------------------------------------+-----------------------------------------------------------------+---------+---------+-----------+-----------+------+------+-----------------------------------------------+

        * Loop: 
        +---------------------+---------+---------+-------------+-----------+-----------+---------+----------+
        |                     |  Latency (cycles) |  Iteration  |  Initiation Interval  |   Trip  |          |
        |      Loop Name      |   min   |   max   |   Latency   |  achieved |   target  |  Count  | Pipelined|
        +---------------------+---------+---------+-------------+-----------+-----------+---------+----------+
        |- VITIS_LOOP_160_5   |        ?|        ?|            ?|          -|          -|     2069|        no|
        | + VITIS_LOOP_172_8  |        0|   995925|  1693 ~ 6775|          -|          -|  0 ~ 147|        no|
        +---------------------+---------+---------+-------------+-----------+-----------+---------+----------+



================================================================
== Utilization Estimates
================================================================
* Summary: 
+-----------------+---------+----+-------+-------+-----+
|       Name      | BRAM_18K| DSP|   FF  |  LUT  | URAM|
+-----------------+---------+----+-------+-------+-----+
|DSP              |        -|   -|      -|      -|    -|
|Expression       |        -|   -|      0|    858|    -|
|FIFO             |        -|   -|      -|      -|    -|
|Instance         |        -|   5|    933|   1806|    -|
|Memory           |       21|   -|      0|      0|    0|
|Multiplexer      |        -|   -|      0|    678|    -|
|Register         |        -|   -|    677|      -|    -|
+-----------------+---------+----+-------+-------+-----+
|Total            |       21|   5|   1610|   3342|    0|
+-----------------+---------+----+-------+-------+-----+
|Available        |      100|  90|  41600|  20800|    0|
+-----------------+---------+----+-------+-------+-----+
|Utilization (%)  |       21|   5|      3|     16|    0|
+-----------------+---------+----+-------+-------+-----+

+ Detail: 
    * Instance: 
    +----------------------------------------------------------------------------+-----------------------------------------------------------------+---------+----+-----+-----+-----+
    |                                  Instance                                  |                              Module                             | BRAM_18K| DSP|  FF | LUT | URAM|
    +----------------------------------------------------------------------------+-----------------------------------------------------------------+---------+----+-----+-----+-----+
    |grp_detect_peaks_stage_Pipeline_VITIS_LOOP_147_1_VITIS_LOOP_148_2_fu_310    |detect_peaks_stage_Pipeline_VITIS_LOOP_147_1_VITIS_LOOP_148_2    |        0|   1|   49|  151|    0|
    |grp_detect_peaks_stage_Pipeline_VITIS_LOOP_152_3_VITIS_LOOP_153_4_fu_316    |detect_peaks_stage_Pipeline_VITIS_LOOP_152_3_VITIS_LOOP_153_4    |        0|   1|   44|  146|    0|
    |grp_detect_peaks_stage_Pipeline_VITIS_LOOP_163_6_fu_328                     |detect_peaks_stage_Pipeline_VITIS_LOOP_163_6                     |        0|   0|   58|  102|    0|
    |grp_detect_peaks_stage_Pipeline_VITIS_LOOP_167_7_fu_322                     |detect_peaks_stage_Pipeline_VITIS_LOOP_167_7                     |        0|   0|   17|   91|    0|
    |grp_detect_peaks_stage_Pipeline_VITIS_LOOP_174_9_VITIS_LOOP_175_10_fu_337   |detect_peaks_stage_Pipeline_VITIS_LOOP_174_9_VITIS_LOOP_175_10   |        0|   0|   64|  215|    0|
    |grp_detect_peaks_stage_Pipeline_VITIS_LOOP_182_11_fu_347                    |detect_peaks_stage_Pipeline_VITIS_LOOP_182_11                    |        0|   1|  463|  421|    0|
    |grp_detect_peaks_stage_Pipeline_VITIS_LOOP_187_12_fu_342                    |detect_peaks_stage_Pipeline_VITIS_LOOP_187_12                    |        0|   0|   19|  109|    0|
    |grp_detect_peaks_stage_Pipeline_VITIS_LOOP_200_13_VITIS_LOOP_201_14_fu_356  |detect_peaks_stage_Pipeline_VITIS_LOOP_200_13_VITIS_LOOP_201_14  |        0|   1|  219|  565|    0|
    |fcmp_32ns_32ns_1_2_no_dsp_1_U119                                            |fcmp_32ns_32ns_1_2_no_dsp_1                                      |        0|   0|    0|    0|    0|
    |mul_12ns_8ns_13_1_1_U120                                                    |mul_12ns_8ns_13_1_1                                              |        0|   1|    0|    6|    0|
    +----------------------------------------------------------------------------+-----------------------------------------------------------------+---------+----+-----+-----+-----+
    |Total                                                                       |                                                                 |        0|   5|  933| 1806|    0|
    +----------------------------------------------------------------------------+-----------------------------------------------------------------+---------+----+-----+-----+-----+

    * DSP: 
    N/A

    * Memory: 
    +------------+-------------------------------------------+---------+---+----+-----+------+-----+------+-------------+
    |   Memory   |                   Module                  | BRAM_18K| FF| LUT| URAM| Words| Bits| Banks| W*Bits*Banks|
    +------------+-------------------------------------------+---------+---+----+-----+------+-----+------+-------------+
    |line_buf_U  |detect_peaks_stage_line_buf_RAM_AUTO_1R1W  |       16|  0|   0|    0|  4100|   32|     1|       131200|
    |new_row_U   |detect_peaks_stage_new_row_RAM_AUTO_1R1W   |        1|  0|   0|    0|   100|   32|     1|         3200|
    |window_U    |detect_peaks_stage_window_RAM_AUTO_1R1W    |        4|  0|   0|    0|  1681|   32|     1|        53792|
    +------------+-------------------------------------------+---------+---+----+-----+------+-----+------+-------------+
    |Total       |                                           |       21|  0|   0|    0|  5881|   96|     3|       188192|
    +------------+-------------------------------------------+---------+---+----+-----+------+-----+------+-------------+

    * FIFO: 
    N/A

    * Expression: 
    +--------------------------------------+----------+----+---+----+------------+------------+
    |             Variable Name            | Operation| DSP| FF| LUT| Bitwidth P0| Bitwidth P1|
    +--------------------------------------+----------+----+---+----+------------+------------+
    |add_fu_400_p2                         |         +|   0|  0|  39|          32|           5|
    |add_ln158_fu_549_p2                   |         +|   0|  0|  19|          12|           1|
    |add_ln160_fu_434_p2                   |         +|   0|  0|  27|          20|           9|
    |add_ln162_fu_460_p2                   |         +|   0|  0|  71|          64|          64|
    |add_ln172_fu_538_p2                   |         +|   0|  0|  15|           8|           1|
    |add_ln181_fu_591_p2                   |         +|   0|  0|  20|          13|          13|
    |add_ln213_fu_779_p2                   |         +|   0|  0|  71|          64|          64|
    |add_ln214_1_fu_601_p2                 |         +|   0|  0|  15|           8|           6|
    |add_ln214_fu_804_p2                   |         +|   0|  0|  71|          64|          64|
    |empty_47_fu_510_p2                    |         +|   0|  0|  20|          13|           6|
    |indvars_iv_next72_fu_446_p2           |         +|   0|  0|  19|          12|           1|
    |pc_1_fu_829_p2                        |         +|   0|  0|  39|          32|           1|
    |and_ln195_fu_639_p2                   |       and|   0|  0|   2|           1|           1|
    |and_ln211_1_fu_761_p2                 |       and|   0|  0|   2|           1|           1|
    |and_ln211_2_fu_726_p2                 |       and|   0|  0|   2|           1|           1|
    |and_ln211_3_fu_738_p2                 |       and|   0|  0|   2|           1|           1|
    |and_ln211_4_fu_744_p2                 |       and|   0|  0|   2|           1|           1|
    |and_ln211_5_fu_755_p2                 |       and|   0|  0|   2|           1|           1|
    |and_ln211_fu_721_p2                   |       and|   0|  0|   2|           1|           1|
    |ap_block_state14_on_subcall_done      |       and|   0|  0|   2|           1|           1|
    |ap_block_state21_on_subcall_done      |       and|   0|  0|   2|           1|           1|
    |ap_block_state35                      |       and|   0|  0|   2|           1|           1|
    |ap_predicate_op213_writeresp_state35  |       and|   0|  0|   2|           1|           1|
    |cmp5012_fu_406_p2                     |      icmp|   0|  0|  39|          32|           1|
    |icmp_ln158_fu_555_p2                  |      icmp|   0|  0|  19|          12|           6|
    |icmp_ln160_fu_440_p2                  |      icmp|   0|  0|  19|          12|          12|
    |icmp_ln162_fu_465_p2                  |      icmp|   0|  0|  19|          12|          12|
    |icmp_ln172_fu_533_p2                  |      icmp|   0|  0|  39|          32|          32|
    |icmp_ln180_fu_544_p2                  |      icmp|   0|  0|  39|          32|          32|
    |icmp_ln195_fu_634_p2                  |      icmp|   0|  0|  39|          32|          32|
    |icmp_ln211_1_fu_690_p2                |      icmp|   0|  0|  30|          23|           1|
    |icmp_ln211_2_fu_702_p2                |      icmp|   0|  0|  15|           8|           2|
    |icmp_ln211_3_fu_708_p2                |      icmp|   0|  0|  30|          23|           1|
    |icmp_ln211_fu_684_p2                  |      icmp|   0|  0|  15|           8|           2|
    |icmp_ln212_fu_749_p2                  |      icmp|   0|  0|  39|          32|          15|
    |ap_block_state29_io                   |        or|   0|  0|   2|           1|           1|
    |ap_block_state2_on_subcall_done       |        or|   0|  0|   2|           1|           1|
    |or_ln195_fu_615_p2                    |        or|   0|  0|  13|          13|          13|
    |or_ln211_1_fu_717_p2                  |        or|   0|  0|   2|           1|           1|
    |or_ln211_fu_696_p2                    |        or|   0|  0|   2|           1|           1|
    |empty_fu_416_p3                       |    select|   0|  0|  31|           1|          31|
    |select_ln158_fu_561_p3                |    select|   0|  0|  12|           1|          12|
    |xor_ln195_fu_628_p2                   |       xor|   0|  0|   2|           1|           2|
    |xor_ln211_fu_732_p2                   |       xor|   0|  0|   2|           1|           2|
    +--------------------------------------+----------+----+---+----+------------+------------+
    |Total                                 |          |   0|  0| 858|         632|         458|
    +--------------------------------------+----------+----+---+----+------------+------------+

    * Multiplexer: 
    +----------------------+-----+-----------+-----+-----------+
    |         Name         | LUT | Input Size| Bits| Total Bits|
    +----------------------+-----+-----------+-----+-----------+
    |ap_NS_fsm             |  189|         43|    1|         43|
    |f_fu_150              |    9|          2|   12|         24|
    |gmem1_blk_n_AW        |    9|          2|    1|          2|
    |gmem1_blk_n_B         |    9|          2|    1|          2|
    |gmem1_blk_n_W         |    9|          2|    1|          2|
    |gmem2_blk_n_AR        |    9|          2|    1|          2|
    |grp_fu_364_ce         |    9|          2|    1|          2|
    |grp_fu_364_opcode     |   13|          3|    5|         15|
    |grp_fu_364_p0         |   13|          3|   32|         96|
    |grp_fu_364_p1         |   13|          3|   32|         96|
    |line_buf_address0     |   13|          3|   13|         39|
    |line_buf_ce0          |   13|          3|    1|          3|
    |line_buf_d0           |    9|          2|   32|         64|
    |line_buf_we0          |    9|          2|    1|          2|
    |m_axi_gmem1_AWADDR    |   17|          4|   64|        256|
    |m_axi_gmem1_WDATA     |   17|          4|   32|        128|
    |m_axi_gmem2_ARADDR    |   13|          3|   64|        192|
    |m_axi_gmem2_ARBURST   |    9|          2|    2|          4|
    |m_axi_gmem2_ARCACHE   |    9|          2|    4|          8|
    |m_axi_gmem2_ARID      |    9|          2|    1|          2|
    |m_axi_gmem2_ARLEN     |   13|          3|   32|         96|
    |m_axi_gmem2_ARLOCK    |    9|          2|    2|          4|
    |m_axi_gmem2_ARPROT    |    9|          2|    3|          6|
    |m_axi_gmem2_ARQOS     |    9|          2|    4|          8|
    |m_axi_gmem2_ARREGION  |    9|          2|    4|          8|
    |m_axi_gmem2_ARSIZE    |    9|          2|    3|          6|
    |m_axi_gmem2_ARUSER    |    9|          2|    1|          2|
    |m_axi_gmem2_ARVALID   |   13|          3|    1|          3|
    |m_axi_gmem2_RREADY    |    9|          2|    1|          2|
    |new_row_address0      |   13|          3|    7|         21|
    |new_row_ce0           |   13|          3|    1|          3|
    |new_row_d0            |   13|          3|   32|         96|
    |new_row_we0           |   13|          3|    1|          3|
    |pc_fu_154             |    9|          2|   32|         64|
    |phi_mul126_fu_146     |    9|          2|   20|         40|
    |phi_urem_fu_142       |    9|          2|   12|         24|
    |w_2_reg_298           |    9|          2|    8|         16|
    |window_address0       |   25|          6|   11|         66|
    |window_ce0            |   25|          6|    1|          6|
    |window_ce1            |    9|          2|    1|          2|
    |window_d0             |   21|          5|   32|        160|
    |window_we0            |   21|          5|    1|          5|
    +----------------------+-----+-----------+-----+-----------+
    |Total                 |  678|        155|  511|       1623|
    +----------------------+-----+-----------+-----+-----------+

    * Register: 
    +-----------------------------------------------------------------------------------------+----+----+-----+-----------+
    |                                           Name                                          | FF | LUT| Bits| Const Bits|
    +-----------------------------------------------------------------------------------------+----+----+-----+-----------+
    |add_ln160_reg_922                                                                        |  20|   0|   20|          0|
    |add_ln172_reg_980                                                                        |   8|   0|    8|          0|
    |add_reg_912                                                                              |  32|   0|   32|          0|
    |and_ln195_reg_1004                                                                       |   1|   0|    1|          0|
    |and_ln211_1_reg_1040                                                                     |   1|   0|    1|          0|
    |ap_CS_fsm                                                                                |  42|   0|   42|          0|
    |center_val_reg_1008                                                                      |  32|   0|   32|          0|
    |empty_47_reg_962                                                                         |  13|   0|   13|          0|
    |f_fu_150                                                                                 |  12|   0|   12|          0|
    |gmem1_addr_1_reg_1044                                                                    |  64|   0|   64|          0|
    |gmem1_addr_2_reg_1050                                                                    |  64|   0|   64|          0|
    |gmem1_addr_reg_951                                                                       |  64|   0|   64|          0|
    |grp_detect_peaks_stage_Pipeline_VITIS_LOOP_147_1_VITIS_LOOP_148_2_fu_310_ap_start_reg    |   1|   0|    1|          0|
    |grp_detect_peaks_stage_Pipeline_VITIS_LOOP_152_3_VITIS_LOOP_153_4_fu_316_ap_start_reg    |   1|   0|    1|          0|
    |grp_detect_peaks_stage_Pipeline_VITIS_LOOP_163_6_fu_328_ap_start_reg                     |   1|   0|    1|          0|
    |grp_detect_peaks_stage_Pipeline_VITIS_LOOP_167_7_fu_322_ap_start_reg                     |   1|   0|    1|          0|
    |grp_detect_peaks_stage_Pipeline_VITIS_LOOP_174_9_VITIS_LOOP_175_10_fu_337_ap_start_reg   |   1|   0|    1|          0|
    |grp_detect_peaks_stage_Pipeline_VITIS_LOOP_182_11_fu_347_ap_start_reg                    |   1|   0|    1|          0|
    |grp_detect_peaks_stage_Pipeline_VITIS_LOOP_187_12_fu_342_ap_start_reg                    |   1|   0|    1|          0|
    |grp_detect_peaks_stage_Pipeline_VITIS_LOOP_200_13_VITIS_LOOP_201_14_fu_356_ap_start_reg  |   1|   0|    1|          0|
    |icmp_ln162_reg_941                                                                       |   1|   0|    1|          0|
    |icmp_ln180_reg_985                                                                       |   1|   0|    1|          0|
    |icmp_ln211_2_reg_1025                                                                    |   1|   0|    1|          0|
    |icmp_ln211_3_reg_1030                                                                    |   1|   0|    1|          0|
    |indvars_iv_next72_reg_930                                                                |  12|   0|   12|          0|
    |line_buf_addr_reg_989                                                                    |  13|   0|   13|          0|
    |mul_ln158_reg_967                                                                        |  13|   0|   13|          0|
    |or_ln211_reg_1019                                                                        |   1|   0|    1|          0|
    |p_cast5_reg_972                                                                          |  32|   0|   32|          0|
    |pc_fu_154                                                                                |  32|   0|   32|          0|
    |pc_load_1_reg_1035                                                                       |  32|   0|   32|          0|
    |phi_mul126_fu_146                                                                        |  20|   0|   20|          0|
    |phi_urem_fu_142                                                                          |  12|   0|   12|          0|
    |sext_ln195_reg_999                                                                       |  32|   0|   32|          0|
    |trunc_ln2_reg_945                                                                        |  62|   0|   62|          0|
    |w_2_reg_298                                                                              |   8|   0|    8|          0|
    |zext_ln160_1_reg_936                                                                     |  12|   0|   13|          1|
    |zext_ln160_reg_917                                                                       |  31|   0|   64|         33|
    +-----------------------------------------------------------------------------------------+----+----+-----+-----------+
    |Total                                                                                    | 677|   0|  711|         34|
    +-----------------------------------------------------------------------------------------+----+----+-----+-----------+



================================================================
== Interface
================================================================
* Summary: 
+----------------------+-----+-----+------------+--------------------+--------------+
|       RTL Ports      | Dir | Bits|  Protocol  |    Source Object   |    C Type    |
+----------------------+-----+-----+------------+--------------------+--------------+
|ap_clk                |   in|    1|  ap_ctrl_hs|  detect_peaks_stage|  return value|
|ap_rst                |   in|    1|  ap_ctrl_hs|  detect_peaks_stage|  return value|
|ap_start              |   in|    1|  ap_ctrl_hs|  detect_peaks_stage|  return value|
|ap_done               |  out|    1|  ap_ctrl_hs|  detect_peaks_stage|  return value|
|ap_idle               |  out|    1|  ap_ctrl_hs|  detect_peaks_stage|  return value|
|ap_ready              |  out|    1|  ap_ctrl_hs|  detect_peaks_stage|  return value|
|grp_fu_230_p_din0     |  out|   32|  ap_ctrl_hs|  detect_peaks_stage|  return value|
|grp_fu_230_p_din1     |  out|   32|  ap_ctrl_hs|  detect_peaks_stage|  return value|
|grp_fu_230_p_opcode   |  out|    5|  ap_ctrl_hs|  detect_peaks_stage|  return value|
|grp_fu_230_p_dout0    |   in|    1|  ap_ctrl_hs|  detect_peaks_stage|  return value|
|grp_fu_230_p_ce       |  out|    1|  ap_ctrl_hs|  detect_peaks_stage|  return value|
|m_axi_gmem2_AWVALID   |  out|    1|       m_axi|               gmem2|       pointer|
|m_axi_gmem2_AWREADY   |   in|    1|       m_axi|               gmem2|       pointer|
|m_axi_gmem2_AWADDR    |  out|   64|       m_axi|               gmem2|       pointer|
|m_axi_gmem2_AWID      |  out|    1|       m_axi|               gmem2|       pointer|
|m_axi_gmem2_AWLEN     |  out|   32|       m_axi|               gmem2|       pointer|
|m_axi_gmem2_AWSIZE    |  out|    3|       m_axi|               gmem2|       pointer|
|m_axi_gmem2_AWBURST   |  out|    2|       m_axi|               gmem2|       pointer|
|m_axi_gmem2_AWLOCK    |  out|    2|       m_axi|               gmem2|       pointer|
|m_axi_gmem2_AWCACHE   |  out|    4|       m_axi|               gmem2|       pointer|
|m_axi_gmem2_AWPROT    |  out|    3|       m_axi|               gmem2|       pointer|
|m_axi_gmem2_AWQOS     |  out|    4|       m_axi|               gmem2|       pointer|
|m_axi_gmem2_AWREGION  |  out|    4|       m_axi|               gmem2|       pointer|
|m_axi_gmem2_AWUSER    |  out|    1|       m_axi|               gmem2|       pointer|
|m_axi_gmem2_WVALID    |  out|    1|       m_axi|               gmem2|       pointer|
|m_axi_gmem2_WREADY    |   in|    1|       m_axi|               gmem2|       pointer|
|m_axi_gmem2_WDATA     |  out|   32|       m_axi|               gmem2|       pointer|
|m_axi_gmem2_WSTRB     |  out|    4|       m_axi|               gmem2|       pointer|
|m_axi_gmem2_WLAST     |  out|    1|       m_axi|               gmem2|       pointer|
|m_axi_gmem2_WID       |  out|    1|       m_axi|               gmem2|       pointer|
|m_axi_gmem2_WUSER     |  out|    1|       m_axi|               gmem2|       pointer|
|m_axi_gmem2_ARVALID   |  out|    1|       m_axi|               gmem2|       pointer|
|m_axi_gmem2_ARREADY   |   in|    1|       m_axi|               gmem2|       pointer|
|m_axi_gmem2_ARADDR    |  out|   64|       m_axi|               gmem2|       pointer|
|m_axi_gmem2_ARID      |  out|    1|       m_axi|               gmem2|       pointer|
|m_axi_gmem2_ARLEN     |  out|   32|       m_axi|               gmem2|       pointer|
|m_axi_gmem2_ARSIZE    |  out|    3|       m_axi|               gmem2|       pointer|
|m_axi_gmem2_ARBURST   |  out|    2|       m_axi|               gmem2|       pointer|
|m_axi_gmem2_ARLOCK    |  out|    2|       m_axi|               gmem2|       pointer|
|m_axi_gmem2_ARCACHE   |  out|    4|       m_axi|               gmem2|       pointer|
|m_axi_gmem2_ARPROT    |  out|    3|       m_axi|               gmem2|       pointer|
|m_axi_gmem2_ARQOS     |  out|    4|       m_axi|               gmem2|       pointer|
|m_axi_gmem2_ARREGION  |  out|    4|       m_axi|               gmem2|       pointer|
|m_axi_gmem2_ARUSER    |  out|    1|       m_axi|               gmem2|       pointer|
|m_axi_gmem2_RVALID    |   in|    1|       m_axi|               gmem2|       pointer|
|m_axi_gmem2_RREADY    |  out|    1|       m_axi|               gmem2|       pointer|
|m_axi_gmem2_RDATA     |   in|   32|       m_axi|               gmem2|       pointer|
|m_axi_gmem2_RLAST     |   in|    1|       m_axi|               gmem2|       pointer|
|m_axi_gmem2_RID       |   in|    1|       m_axi|               gmem2|       pointer|
|m_axi_gmem2_RFIFONUM  |   in|    9|       m_axi|               gmem2|       pointer|
|m_axi_gmem2_RUSER     |   in|    1|       m_axi|               gmem2|       pointer|
|m_axi_gmem2_RRESP     |   in|    2|       m_axi|               gmem2|       pointer|
|m_axi_gmem2_BVALID    |   in|    1|       m_axi|               gmem2|       pointer|
|m_axi_gmem2_BREADY    |  out|    1|       m_axi|               gmem2|       pointer|
|m_axi_gmem2_BRESP     |   in|    2|       m_axi|               gmem2|       pointer|
|m_axi_gmem2_BID       |   in|    1|       m_axi|               gmem2|       pointer|
|m_axi_gmem2_BUSER     |   in|    1|       m_axi|               gmem2|       pointer|
|spec                  |   in|   64|     ap_none|                spec|        scalar|
|num_windows           |   in|   32|     ap_none|         num_windows|        scalar|
|m_axi_gmem1_AWVALID   |  out|    1|       m_axi|               gmem1|       pointer|
|m_axi_gmem1_AWREADY   |   in|    1|       m_axi|               gmem1|       pointer|
|m_axi_gmem1_AWADDR    |  out|   64|       m_axi|               gmem1|       pointer|
|m_axi_gmem1_AWID      |  out|    1|       m_axi|               gmem1|       pointer|
|m_axi_gmem1_AWLEN     |  out|   32|       m_axi|               gmem1|       pointer|
|m_axi_gmem1_AWSIZE    |  out|    3|       m_axi|               gmem1|       pointer|
|m_axi_gmem1_AWBURST   |  out|    2|       m_axi|               gmem1|       pointer|
|m_axi_gmem1_AWLOCK    |  out|    2|       m_axi|               gmem1|       pointer|
|m_axi_gmem1_AWCACHE   |  out|    4|       m_axi|               gmem1|       pointer|
|m_axi_gmem1_AWPROT    |  out|    3|       m_axi|               gmem1|       pointer|
|m_axi_gmem1_AWQOS     |  out|    4|       m_axi|               gmem1|       pointer|
|m_axi_gmem1_AWREGION  |  out|    4|       m_axi|               gmem1|       pointer|
|m_axi_gmem1_AWUSER    |  out|    1|       m_axi|               gmem1|       pointer|
|m_axi_gmem1_WVALID    |  out|    1|       m_axi|               gmem1|       pointer|
|m_axi_gmem1_WREADY    |   in|    1|       m_axi|               gmem1|       pointer|
|m_axi_gmem1_WDATA     |  out|   32|       m_axi|               gmem1|       pointer|
|m_axi_gmem1_WSTRB     |  out|    4|       m_axi|               gmem1|       pointer|
|m_axi_gmem1_WLAST     |  out|    1|       m_axi|               gmem1|       pointer|
|m_axi_gmem1_WID       |  out|    1|       m_axi|               gmem1|       pointer|
|m_axi_gmem1_WUSER     |  out|    1|       m_axi|               gmem1|       pointer|
|m_axi_gmem1_ARVALID   |  out|    1|       m_axi|               gmem1|       pointer|
|m_axi_gmem1_ARREADY   |   in|    1|       m_axi|               gmem1|       pointer|
|m_axi_gmem1_ARADDR    |  out|   64|       m_axi|               gmem1|       pointer|
|m_axi_gmem1_ARID      |  out|    1|       m_axi|               gmem1|       pointer|
|m_axi_gmem1_ARLEN     |  out|   32|       m_axi|               gmem1|       pointer|
|m_axi_gmem1_ARSIZE    |  out|    3|       m_axi|               gmem1|       pointer|
|m_axi_gmem1_ARBURST   |  out|    2|       m_axi|               gmem1|       pointer|
|m_axi_gmem1_ARLOCK    |  out|    2|       m_axi|               gmem1|       pointer|
|m_axi_gmem1_ARCACHE   |  out|    4|       m_axi|               gmem1|       pointer|
|m_axi_gmem1_ARPROT    |  out|    3|       m_axi|               gmem1|       pointer|
|m_axi_gmem1_ARQOS     |  out|    4|       m_axi|               gmem1|       pointer|
|m_axi_gmem1_ARREGION  |  out|    4|       m_axi|               gmem1|       pointer|
|m_axi_gmem1_ARUSER    |  out|    1|       m_axi|               gmem1|       pointer|
|m_axi_gmem1_RVALID    |   in|    1|       m_axi|               gmem1|       pointer|
|m_axi_gmem1_RREADY    |  out|    1|       m_axi|               gmem1|       pointer|
|m_axi_gmem1_RDATA     |   in|   32|       m_axi|               gmem1|       pointer|
|m_axi_gmem1_RLAST     |   in|    1|       m_axi|               gmem1|       pointer|
|m_axi_gmem1_RID       |   in|    1|       m_axi|               gmem1|       pointer|
|m_axi_gmem1_RFIFONUM  |   in|    9|       m_axi|               gmem1|       pointer|
|m_axi_gmem1_RUSER     |   in|    1|       m_axi|               gmem1|       pointer|
|m_axi_gmem1_RRESP     |   in|    2|       m_axi|               gmem1|       pointer|
|m_axi_gmem1_BVALID    |   in|    1|       m_axi|               gmem1|       pointer|
|m_axi_gmem1_BREADY    |  out|    1|       m_axi|               gmem1|       pointer|
|m_axi_gmem1_BRESP     |   in|    2|       m_axi|               gmem1|       pointer|
|m_axi_gmem1_BID       |   in|    1|       m_axi|               gmem1|       pointer|
|m_axi_gmem1_BUSER     |   in|    1|       m_axi|               gmem1|       pointer|
|peak_freq             |   in|   64|     ap_none|           peak_freq|        scalar|
|peak_time             |   in|   64|     ap_none|           peak_time|        scalar|
|peak_count            |   in|   64|     ap_none|          peak_count|        scalar|
+----------------------+-----+-----+------------+--------------------+--------------+

