

================================================================
== Vitis HLS Report for 'detect_peaks_stage_Pipeline_VITIS_LOOP_152_3_VITIS_LOOP_153_4'
================================================================
* Date:           Sat Aug  8 12:51:45 2026

* Version:        2024.1 (Build 5069499 on May 21 2024)
* Project:        fused_prj
* Solution:       solution1 (Vivado IP Flow Target)
* Product family: artix7
* Target device:  xc7a35t-csg324-1


================================================================
== Performance Estimates
================================================================
+ Timing: 
    * Summary: 
    +--------+----------+----------+------------+
    |  Clock |  Target  | Estimated| Uncertainty|
    +--------+----------+----------+------------+
    |ap_clk  |  10.00 ns|  6.171 ns|     2.70 ns|
    +--------+----------+----------+------------+

+ Latency: 
    * Summary: 
    +---------+---------+-----------+-----------+------+------+-----------------------------------------------+
    |  Latency (cycles) |   Latency (absolute)  |   Interval  |                    Pipeline                   |
    |   min   |   max   |    min    |    max    |  min |  max |                      Type                     |
    +---------+---------+-----------+-----------+------+------+-----------------------------------------------+
    |     1686|     1686|  16.860 us|  16.860 us|  1682|  1682|  loop auto-rewind stp(delay=0 clock cycles(s))|
    +---------+---------+-----------+-----------+------+------+-----------------------------------------------+

    + Detail: 
        * Instance: 
        N/A

        * Loop: 
        +-------------------------------------+---------+---------+----------+-----------+-----------+------+----------+
        |                                     |  Latency (cycles) | Iteration|  Initiation Interval  | Trip |          |
        |              Loop Name              |   min   |   max   |  Latency |  achieved |   target  | Count| Pipelined|
        +-------------------------------------+---------+---------+----------+-----------+-----------+------+----------+
        |- VITIS_LOOP_152_3_VITIS_LOOP_153_4  |     1684|     1684|         5|          1|          1|  1681|       yes|
        +-------------------------------------+---------+---------+----------+-----------+-----------+------+----------+



================================================================
== Utilization Estimates
================================================================
* Summary: 
+-----------------+---------+----+-------+-------+-----+
|       Name      | BRAM_18K| DSP|   FF  |  LUT  | URAM|
+-----------------+---------+----+-------+-------+-----+
|DSP              |        -|   1|      -|      -|    -|
|Expression       |        -|   -|      0|     92|    -|
|FIFO             |        -|   -|      -|      -|    -|
|Instance         |        -|   -|      -|      -|    -|
|Memory           |        -|   -|      -|      -|    -|
|Multiplexer      |        -|   -|      0|     54|    -|
|Register         |        -|   -|     44|      -|    -|
+-----------------+---------+----+-------+-------+-----+
|Total            |        0|   1|     44|    146|    0|
+-----------------+---------+----+-------+-------+-----+
|Available        |      100|  90|  41600|  20800|    0|
+-----------------+---------+----+-------+-------+-----+
|Utilization (%)  |        0|   1|     ~0|     ~0|    0|
+-----------------+---------+----+-------+-------+-----+

+ Detail: 
    * Instance: 
    N/A

    * DSP: 
    +-----------------------------------+-------------------------------+--------------+
    |              Instance             |             Module            |  Expression  |
    +-----------------------------------+-------------------------------+--------------+
    |mac_muladd_6ns_6ns_6ns_11_4_1_U91  |mac_muladd_6ns_6ns_6ns_11_4_1  |  i0 * i1 + i2|
    +-----------------------------------+-------------------------------+--------------+

    * Memory: 
    N/A

    * FIFO: 
    N/A

    * Expression: 
    +--------------------------+----------+----+---+----+------------+------------+
    |       Variable Name      | Operation| DSP| FF| LUT| Bitwidth P0| Bitwidth P1|
    +--------------------------+----------+----+---+----+------------+------------+
    |add_ln152_1_fu_88_p2      |         +|   0|  0|  18|          11|           1|
    |add_ln152_fu_105_p2       |         +|   0|  0|  14|           6|           1|
    |add_ln153_fu_137_p2       |         +|   0|  0|  14|           6|           1|
    |icmp_ln152_fu_82_p2       |      icmp|   0|  0|  18|          11|          10|
    |icmp_ln153_fu_111_p2      |      icmp|   0|  0|  14|           6|           6|
    |select_ln152_1_fu_125_p3  |    select|   0|  0|   6|           1|           6|
    |select_ln152_fu_117_p3    |    select|   0|  0|   6|           1|           1|
    |ap_enable_pp0             |       xor|   0|  0|   2|           1|           2|
    +--------------------------+----------+----+---+----+------------+------------+
    |Total                     |          |   0|  0|  92|          43|          28|
    +--------------------------+----------+----+---+----+------------+------------+

    * Multiplexer: 
    +---------------------------------------+----+-----------+-----+-----------+
    |                  Name                 | LUT| Input Size| Bits| Total Bits|
    +---------------------------------------+----+-----------+-----+-----------+
    |ap_done_int                            |   9|          2|    1|          2|
    |ap_enable_reg_pp0_iter1                |   9|          2|    1|          2|
    |ap_sig_allocacmp_indvar_flatten9_load  |   9|          2|   11|         22|
    |i_1_fu_42                              |   9|          2|    6|         12|
    |indvar_flatten9_fu_46                  |   9|          2|   11|         22|
    |j_fu_38                                |   9|          2|    6|         12|
    +---------------------------------------+----+-----------+-----+-----------+
    |Total                                  |  54|         12|   36|         72|
    +---------------------------------------+----+-----------+-----+-----------+

    * Register: 
    +------------------------------------+----+----+-----+-----------+
    |                Name                | FF | LUT| Bits| Const Bits|
    +------------------------------------+----+----+-----+-----------+
    |ap_CS_fsm                           |   1|   0|    1|          0|
    |ap_done_reg                         |   1|   0|    1|          0|
    |ap_enable_reg_pp0_iter1             |   1|   0|    1|          0|
    |ap_enable_reg_pp0_iter2             |   1|   0|    1|          0|
    |ap_enable_reg_pp0_iter3             |   1|   0|    1|          0|
    |ap_enable_reg_pp0_iter4             |   1|   0|    1|          0|
    |ap_loop_exit_ready_pp0_iter1_reg    |   1|   0|    1|          0|
    |ap_loop_exit_ready_pp0_iter2_reg    |   1|   0|    1|          0|
    |ap_loop_exit_ready_pp0_iter3_reg    |   1|   0|    1|          0|
    |i_1_fu_42                           |   6|   0|    6|          0|
    |indvar_flatten9_fu_46               |  11|   0|   11|          0|
    |j_fu_38                             |   6|   0|    6|          0|
    |select_ln152_reg_194                |   6|   0|    6|          0|
    |select_ln152_reg_194_pp0_iter2_reg  |   6|   0|    6|          0|
    +------------------------------------+----+----+-----+-----------+
    |Total                               |  44|   0|   44|          0|
    +------------------------------------+----+----+-----+-----------+



================================================================
== Interface
================================================================
* Summary: 
+-----------------+-----+-----+------------+---------------------------------------------------------------+--------------+
|    RTL Ports    | Dir | Bits|  Protocol  |                         Source Object                         |    C Type    |
+-----------------+-----+-----+------------+---------------------------------------------------------------+--------------+
|ap_clk           |   in|    1|  ap_ctrl_hs|  detect_peaks_stage_Pipeline_VITIS_LOOP_152_3_VITIS_LOOP_153_4|  return value|
|ap_rst           |   in|    1|  ap_ctrl_hs|  detect_peaks_stage_Pipeline_VITIS_LOOP_152_3_VITIS_LOOP_153_4|  return value|
|ap_start         |   in|    1|  ap_ctrl_hs|  detect_peaks_stage_Pipeline_VITIS_LOOP_152_3_VITIS_LOOP_153_4|  return value|
|ap_done          |  out|    1|  ap_ctrl_hs|  detect_peaks_stage_Pipeline_VITIS_LOOP_152_3_VITIS_LOOP_153_4|  return value|
|ap_idle          |  out|    1|  ap_ctrl_hs|  detect_peaks_stage_Pipeline_VITIS_LOOP_152_3_VITIS_LOOP_153_4|  return value|
|ap_ready         |  out|    1|  ap_ctrl_hs|  detect_peaks_stage_Pipeline_VITIS_LOOP_152_3_VITIS_LOOP_153_4|  return value|
|window_address0  |  out|   11|   ap_memory|                                                         window|         array|
|window_ce0       |  out|    1|   ap_memory|                                                         window|         array|
|window_we0       |  out|    1|   ap_memory|                                                         window|         array|
|window_d0        |  out|   32|   ap_memory|                                                         window|         array|
+-----------------+-----+-----+------------+---------------------------------------------------------------+--------------+

