

================================================================
== Vitis HLS Report for 'detect_peaks_stage_Pipeline_VITIS_LOOP_163_6'
================================================================
* Date:           Sat Aug  8 12:51:46 2026

* Version:        2024.1 (Build 5069499 on May 21 2024)
* Project:        fused_prj
* Solution:       solution1 (Vivado IP Flow Target)
* Product family: artix7
* Target device:  xc7a35t-csg324-1


================================================================
== Performance Estimates
================================================================
+ Timing: 
    * Summary: 
    +--------+----------+----------+------------+
    |  Clock |  Target  | Estimated| Uncertainty|
    +--------+----------+----------+------------+
    |ap_clk  |  10.00 ns|  7.300 ns|     2.70 ns|
    +--------+----------+----------+------------+

+ Latency: 
    * Summary: 
    +---------+---------+----------+----------+-----+-----+-----------------------------------------------+
    |  Latency (cycles) |  Latency (absolute) |  Interval |                    Pipeline                   |
    |   min   |   max   |    min   |    max   | min | max |                      Type                     |
    +---------+---------+----------+----------+-----+-----+-----------------------------------------------+
    |        ?|        ?|         ?|         ?|    0|    0|  loop auto-rewind stp(delay=0 clock cycles(s))|
    +---------+---------+----------+----------+-----+-----+-----------------------------------------------+

    + Detail: 
        * Instance: 
        N/A

        * Loop: 
        +--------------------+---------+---------+----------+-----------+-----------+------+----------+
        |                    |  Latency (cycles) | Iteration|  Initiation Interval  | Trip |          |
        |      Loop Name     |   min   |   max   |  Latency |  achieved |   target  | Count| Pipelined|
        +--------------------+---------+---------+----------+-----------+-----------+------+----------+
        |- VITIS_LOOP_163_6  |        ?|        ?|         3|          1|          1|     ?|       yes|
        +--------------------+---------+---------+----------+-----------+-----------+------+----------+



================================================================
== Utilization Estimates
================================================================
* Summary: 
+-----------------+---------+----+-------+-------+-----+
|       Name      | BRAM_18K| DSP|   FF  |  LUT  | URAM|
+-----------------+---------+----+-------+-------+-----+
|DSP              |        -|   -|      -|      -|    -|
|Expression       |        -|   -|      0|     57|    -|
|FIFO             |        -|   -|      -|      -|    -|
|Instance         |        -|   -|      -|      -|    -|
|Memory           |        -|   -|      -|      -|    -|
|Multiplexer      |        -|   -|      0|     45|    -|
|Register         |        -|   -|     58|      -|    -|
+-----------------+---------+----+-------+-------+-----+
|Total            |        0|   0|     58|    102|    0|
+-----------------+---------+----+-------+-------+-----+
|Available        |      100|  90|  41600|  20800|    0|
+-----------------+---------+----+-------+-------+-----+
|Utilization (%)  |        0|   0|     ~0|     ~0|    0|
+-----------------+---------+----+-------+-------+-----+

+ Detail: 
    * Instance: 
    N/A

    * DSP: 
    N/A

    * Memory: 
    N/A

    * FIFO: 
    N/A

    * Expression: 
    +---------------------------+----------+----+---+----+------------+------------+
    |       Variable Name       | Operation| DSP| FF| LUT| Bitwidth P0| Bitwidth P1|
    +---------------------------+----------+----+---+----+------------+------------+
    |add_ln163_fu_102_p2        |         +|   0|  0|  14|           7|           1|
    |ap_block_pp0_stage0_11001  |       and|   0|  0|   2|           1|           1|
    |icmp_ln163_fu_96_p2        |      icmp|   0|  0|  39|          32|          32|
    |ap_enable_pp0              |       xor|   0|  0|   2|           1|           2|
    +---------------------------+----------+----+---+----+------------+------------+
    |Total                      |          |   0|  0|  57|          41|          36|
    +---------------------------+----------+----+---+----+------------+------------+

    * Multiplexer: 
    +-------------------------+----+-----------+-----+-----------+
    |           Name          | LUT| Input Size| Bits| Total Bits|
    +-------------------------+----+-----------+-----+-----------+
    |ap_done_int              |   9|          2|    1|          2|
    |ap_enable_reg_pp0_iter1  |   9|          2|    1|          2|
    |ap_sig_allocacmp_w_2     |   9|          2|    7|         14|
    |gmem2_blk_n_R            |   9|          2|    1|          2|
    |w_fu_46                  |   9|          2|    7|         14|
    +-------------------------+----+-----------+-----+-----------+
    |Total                    |  45|         10|   17|         34|
    +-------------------------+----+-----------+-----+-----------+

    * Register: 
    +----------------------------------+----+----+-----+-----------+
    |               Name               | FF | LUT| Bits| Const Bits|
    +----------------------------------+----+----+-----+-----------+
    |ap_CS_fsm                         |   1|   0|    1|          0|
    |ap_done_reg                       |   1|   0|    1|          0|
    |ap_enable_reg_pp0_iter1           |   1|   0|    1|          0|
    |ap_enable_reg_pp0_iter2           |   1|   0|    1|          0|
    |ap_loop_exit_ready_pp0_iter1_reg  |   1|   0|    1|          0|
    |gmem2_addr_read_reg_148           |  32|   0|   32|          0|
    |w_2_reg_139                       |   7|   0|    7|          0|
    |w_2_reg_139_pp0_iter1_reg         |   7|   0|    7|          0|
    |w_fu_46                           |   7|   0|    7|          0|
    +----------------------------------+----+----+-----+-----------+
    |Total                             |  58|   0|   58|          0|
    +----------------------------------+----+----+-----+-----------+



================================================================
== Interface
================================================================
* Summary: 
+----------------------+-----+-----+------------+----------------------------------------------+--------------+
|       RTL Ports      | Dir | Bits|  Protocol  |                 Source Object                |    C Type    |
+----------------------+-----+-----+------------+----------------------------------------------+--------------+
|ap_clk                |   in|    1|  ap_ctrl_hs|  detect_peaks_stage_Pipeline_VITIS_LOOP_163_6|  return value|
|ap_rst                |   in|    1|  ap_ctrl_hs|  detect_peaks_stage_Pipeline_VITIS_LOOP_163_6|  return value|
|ap_start              |   in|    1|  ap_ctrl_hs|  detect_peaks_stage_Pipeline_VITIS_LOOP_163_6|  return value|
|ap_done               |  out|    1|  ap_ctrl_hs|  detect_peaks_stage_Pipeline_VITIS_LOOP_163_6|  return value|
|ap_idle               |  out|    1|  ap_ctrl_hs|  detect_peaks_stage_Pipeline_VITIS_LOOP_163_6|  return value|
|ap_ready              |  out|    1|  ap_ctrl_hs|  detect_peaks_stage_Pipeline_VITIS_LOOP_163_6|  return value|
|m_axi_gmem2_AWVALID   |  out|    1|       m_axi|                                         gmem2|       pointer|
|m_axi_gmem2_AWREADY   |   in|    1|       m_axi|                                         gmem2|       pointer|
|m_axi_gmem2_AWADDR    |  out|   64|       m_axi|                                         gmem2|       pointer|
|m_axi_gmem2_AWID      |  out|    1|       m_axi|                                         gmem2|       pointer|
|m_axi_gmem2_AWLEN     |  out|   32|       m_axi|                                         gmem2|       pointer|
|m_axi_gmem2_AWSIZE    |  out|    3|       m_axi|                                         gmem2|       pointer|
|m_axi_gmem2_AWBURST   |  out|    2|       m_axi|                                         gmem2|       pointer|
|m_axi_gmem2_AWLOCK    |  out|    2|       m_axi|                                         gmem2|       pointer|
|m_axi_gmem2_AWCACHE   |  out|    4|       m_axi|                                         gmem2|       pointer|
|m_axi_gmem2_AWPROT    |  out|    3|       m_axi|                                         gmem2|       pointer|
|m_axi_gmem2_AWQOS     |  out|    4|       m_axi|                                         gmem2|       pointer|
|m_axi_gmem2_AWREGION  |  out|    4|       m_axi|                                         gmem2|       pointer|
|m_axi_gmem2_AWUSER    |  out|    1|       m_axi|                                         gmem2|       pointer|
|m_axi_gmem2_WVALID    |  out|    1|       m_axi|                                         gmem2|       pointer|
|m_axi_gmem2_WREADY    |   in|    1|       m_axi|                                         gmem2|       pointer|
|m_axi_gmem2_WDATA     |  out|   32|       m_axi|                                         gmem2|       pointer|
|m_axi_gmem2_WSTRB     |  out|    4|       m_axi|                                         gmem2|       pointer|
|m_axi_gmem2_WLAST     |  out|    1|       m_axi|                                         gmem2|       pointer|
|m_axi_gmem2_WID       |  out|    1|       m_axi|                                         gmem2|       pointer|
|m_axi_gmem2_WUSER     |  out|    1|       m_axi|                                         gmem2|       pointer|
|m_axi_gmem2_ARVALID   |  out|    1|       m_axi|                                         gmem2|       pointer|
|m_axi_gmem2_ARREADY   |   in|    1|       m_axi|                                         gmem2|       pointer|
|m_axi_gmem2_ARADDR    |  out|   64|       m_axi|                                         gmem2|       pointer|
|m_axi_gmem2_ARID      |  out|    1|       m_axi|                                         gmem2|       pointer|
|m_axi_gmem2_ARLEN     |  out|   32|       m_axi|                                         gmem2|       pointer|
|m_axi_gmem2_ARSIZE    |  out|    3|       m_axi|                                         gmem2|       pointer|
|m_axi_gmem2_ARBURST   |  out|    2|       m_axi|                                         gmem2|       pointer|
|m_axi_gmem2_ARLOCK    |  out|    2|       m_axi|                                         gmem2|       pointer|
|m_axi_gmem2_ARCACHE   |  out|    4|       m_axi|                                         gmem2|       pointer|
|m_axi_gmem2_ARPROT    |  out|    3|       m_axi|                                         gmem2|       pointer|
|m_axi_gmem2_ARQOS     |  out|    4|       m_axi|                                         gmem2|       pointer|
|m_axi_gmem2_ARREGION  |  out|    4|       m_axi|                                         gmem2|       pointer|
|m_axi_gmem2_ARUSER    |  out|    1|       m_axi|                                         gmem2|       pointer|
|m_axi_gmem2_RVALID    |   in|    1|       m_axi|                                         gmem2|       pointer|
|m_axi_gmem2_RREADY    |  out|    1|       m_axi|                                         gmem2|       pointer|
|m_axi_gmem2_RDATA     |   in|   32|       m_axi|                                         gmem2|       pointer|
|m_axi_gmem2_RLAST     |   in|    1|       m_axi|                                         gmem2|       pointer|
|m_axi_gmem2_RID       |   in|    1|       m_axi|                                         gmem2|       pointer|
|m_axi_gmem2_RFIFONUM  |   in|    9|       m_axi|                                         gmem2|       pointer|
|m_axi_gmem2_RUSER     |   in|    1|       m_axi|                                         gmem2|       pointer|
|m_axi_gmem2_RRESP     |   in|    2|       m_axi|                                         gmem2|       pointer|
|m_axi_gmem2_BVALID    |   in|    1|       m_axi|                                         gmem2|       pointer|
|m_axi_gmem2_BREADY    |  out|    1|       m_axi|                                         gmem2|       pointer|
|m_axi_gmem2_BRESP     |   in|    2|       m_axi|                                         gmem2|       pointer|
|m_axi_gmem2_BID       |   in|    1|       m_axi|                                         gmem2|       pointer|
|m_axi_gmem2_BUSER     |   in|    1|       m_axi|                                         gmem2|       pointer|
|num_windows           |   in|   32|     ap_none|                                   num_windows|        scalar|
|sext_ln163            |   in|   62|     ap_none|                                    sext_ln163|        scalar|
|new_row_address0      |  out|    7|   ap_memory|                                       new_row|         array|
|new_row_ce0           |  out|    1|   ap_memory|                                       new_row|         array|
|new_row_we0           |  out|    1|   ap_memory|                                       new_row|         array|
|new_row_d0            |  out|   32|   ap_memory|                                       new_row|         array|
+----------------------+-----+-----+------------+----------------------------------------------+--------------+

