

================================================================
== Vitis HLS Report for 'detect_peaks_stage_Pipeline_VITIS_LOOP_182_11'
================================================================
* Date:           Sat Aug  8 12:51:46 2026

* Version:        2024.1 (Build 5069499 on May 21 2024)
* Project:        fused_prj
* Solution:       solution1 (Vivado IP Flow Target)
* Product family: artix7
* Target device:  xc7a35t-csg324-1


================================================================
== Performance Estimates
================================================================
+ Timing: 
    * Summary: 
    +--------+----------+----------+------------+
    |  Clock |  Target  | Estimated| Uncertainty|
    +--------+----------+----------+------------+
    |ap_clk  |  10.00 ns|  7.031 ns|     2.70 ns|
    +--------+----------+----------+------------+

+ Latency: 
    * Summary: 
    +---------+---------+----------+----------+-----+-----+-----------------------------------------------+
    |  Latency (cycles) |  Latency (absolute) |  Interval |                    Pipeline                   |
    |   min   |   max   |    min   |    max   | min | max |                      Type                     |
    +---------+---------+----------+----------+-----+-----+-----------------------------------------------+
    |       61|       61|  0.610 us|  0.610 us|   42|   42|  loop auto-rewind stp(delay=0 clock cycles(s))|
    +---------+---------+----------+----------+-----+-----+-----------------------------------------------+

    + Detail: 
        * Instance: 
        N/A

        * Loop: 
        +---------------------+---------+---------+----------+-----------+-----------+------+----------+
        |                     |  Latency (cycles) | Iteration|  Initiation Interval  | Trip |          |
        |      Loop Name      |   min   |   max   |  Latency |  achieved |   target  | Count| Pipelined|
        +---------------------+---------+---------+----------+-----------+-----------+------+----------+
        |- VITIS_LOOP_182_11  |       59|       59|        20|          1|          1|    41|       yes|
        +---------------------+---------+---------+----------+-----------+-----------+------+----------+



================================================================
== Utilization Estimates
================================================================
* Summary: 
+-----------------+---------+----+-------+-------+-----+
|       Name      | BRAM_18K| DSP|   FF  |  LUT  | URAM|
+-----------------+---------+----+-------+-------+-----+
|DSP              |        -|   1|      -|      -|    -|
|Expression       |        -|   -|      0|     85|    -|
|FIFO             |        -|   -|      -|      -|    -|
|Instance         |        -|   -|    399|    291|    -|
|Memory           |        -|   -|      -|      -|    -|
|Multiplexer      |        -|   -|      0|     45|    -|
|Register         |        -|   -|     64|      -|    -|
+-----------------+---------+----+-------+-------+-----+
|Total            |        0|   1|    463|    421|    0|
+-----------------+---------+----+-------+-------+-----+
|Available        |      100|  90|  41600|  20800|    0|
+-----------------+---------+----+-------+-------+-----+
|Utilization (%)  |        0|   1|      1|      2|    0|
+-----------------+---------+----+-------+-------+-----+

+ Detail: 
    * Instance: 
    +----------------------------+-----------------------+---------+----+-----+-----+-----+
    |          Instance          |         Module        | BRAM_18K| DSP|  FF | LUT | URAM|
    +----------------------------+-----------------------+---------+----+-----+-----+-----+
    |urem_12ns_7ns_12_16_1_U104  |urem_12ns_7ns_12_16_1  |        0|   0|  399|  291|    0|
    +----------------------------+-----------------------+---------+----+-----+-----+-----+
    |Total                       |                       |        0|   0|  399|  291|    0|
    +----------------------------+-----------------------+---------+----+-----+-----+-----+

    * DSP: 
    +------------------------------------+-------------------------------+--------------+
    |              Instance              |             Module            |  Expression  |
    +------------------------------------+-------------------------------+--------------+
    |mac_muladd_7ns_7ns_8ns_13_4_1_U105  |mac_muladd_7ns_7ns_8ns_13_4_1  |  i0 * i1 + i2|
    +------------------------------------+-------------------------------+--------------+

    * Memory: 
    N/A

    * FIFO: 
    N/A

    * Expression: 
    +-----------------------+----------+----+---+----+------------+------------+
    |     Variable Name     | Operation| DSP| FF| LUT| Bitwidth P0| Bitwidth P1|
    +-----------------------+----------+----+---+----+------------+------------+
    |add_ln182_fu_118_p2    |         +|   0|  0|  14|           6|           1|
    |add_ln184_2_fu_156_p2  |         +|   0|  0|  18|          11|           6|
    |add_ln184_fu_162_p2    |         +|   0|  0|  18|          11|           6|
    |grp_fu_134_p0          |         +|   0|  0|  19|          12|          12|
    |icmp_ln182_fu_112_p2   |      icmp|   0|  0|  14|           6|           6|
    |ap_enable_pp0          |       xor|   0|  0|   2|           1|           2|
    +-----------------------+----------+----+---+----+------------+------------+
    |Total                  |          |   0|  0|  85|          47|          33|
    +-----------------------+----------+----+---+----+------------+------------+

    * Multiplexer: 
    +-------------------------+----+-----------+-----+-----------+
    |           Name          | LUT| Input Size| Bits| Total Bits|
    +-------------------------+----+-----------+-----+-----------+
    |ap_done_int              |   9|          2|    1|          2|
    |ap_enable_reg_pp0_iter1  |   9|          2|    1|          2|
    |ap_sig_allocacmp_i_2     |   9|          2|    6|         12|
    |i_fu_52                  |   9|          2|    6|         12|
    |phi_mul_fu_48            |   9|          2|   11|         22|
    +-------------------------+----+-----------+-----+-----------+
    |Total                    |  45|         10|   25|         50|
    +-------------------------+----+-----------+-----+-----------+

    * Register: 
    +-----------------------------------+----+----+-----+-----------+
    |                Name               | FF | LUT| Bits| Const Bits|
    +-----------------------------------+----+----+-----+-----------+
    |ap_CS_fsm                          |   1|   0|    1|          0|
    |ap_done_reg                        |   1|   0|    1|          0|
    |ap_enable_reg_pp0_iter1            |   1|   0|    1|          0|
    |ap_enable_reg_pp0_iter10           |   1|   0|    1|          0|
    |ap_enable_reg_pp0_iter11           |   1|   0|    1|          0|
    |ap_enable_reg_pp0_iter12           |   1|   0|    1|          0|
    |ap_enable_reg_pp0_iter13           |   1|   0|    1|          0|
    |ap_enable_reg_pp0_iter14           |   1|   0|    1|          0|
    |ap_enable_reg_pp0_iter15           |   1|   0|    1|          0|
    |ap_enable_reg_pp0_iter16           |   1|   0|    1|          0|
    |ap_enable_reg_pp0_iter17           |   1|   0|    1|          0|
    |ap_enable_reg_pp0_iter18           |   1|   0|    1|          0|
    |ap_enable_reg_pp0_iter19           |   1|   0|    1|          0|
    |ap_enable_reg_pp0_iter2            |   1|   0|    1|          0|
    |ap_enable_reg_pp0_iter3            |   1|   0|    1|          0|
    |ap_enable_reg_pp0_iter4            |   1|   0|    1|          0|
    |ap_enable_reg_pp0_iter5            |   1|   0|    1|          0|
    |ap_enable_reg_pp0_iter6            |   1|   0|    1|          0|
    |ap_enable_reg_pp0_iter7            |   1|   0|    1|          0|
    |ap_enable_reg_pp0_iter8            |   1|   0|    1|          0|
    |ap_enable_reg_pp0_iter9            |   1|   0|    1|          0|
    |ap_loop_exit_ready_pp0_iter10_reg  |   1|   0|    1|          0|
    |ap_loop_exit_ready_pp0_iter11_reg  |   1|   0|    1|          0|
    |ap_loop_exit_ready_pp0_iter12_reg  |   1|   0|    1|          0|
    |ap_loop_exit_ready_pp0_iter13_reg  |   1|   0|    1|          0|
    |ap_loop_exit_ready_pp0_iter14_reg  |   1|   0|    1|          0|
    |ap_loop_exit_ready_pp0_iter15_reg  |   1|   0|    1|          0|
    |ap_loop_exit_ready_pp0_iter16_reg  |   1|   0|    1|          0|
    |ap_loop_exit_ready_pp0_iter17_reg  |   1|   0|    1|          0|
    |ap_loop_exit_ready_pp0_iter18_reg  |   1|   0|    1|          0|
    |ap_loop_exit_ready_pp0_iter1_reg   |   1|   0|    1|          0|
    |ap_loop_exit_ready_pp0_iter2_reg   |   1|   0|    1|          0|
    |ap_loop_exit_ready_pp0_iter3_reg   |   1|   0|    1|          0|
    |ap_loop_exit_ready_pp0_iter4_reg   |   1|   0|    1|          0|
    |ap_loop_exit_ready_pp0_iter5_reg   |   1|   0|    1|          0|
    |ap_loop_exit_ready_pp0_iter6_reg   |   1|   0|    1|          0|
    |ap_loop_exit_ready_pp0_iter7_reg   |   1|   0|    1|          0|
    |ap_loop_exit_ready_pp0_iter8_reg   |   1|   0|    1|          0|
    |ap_loop_exit_ready_pp0_iter9_reg   |   1|   0|    1|          0|
    |i_fu_52                            |   6|   0|    6|          0|
    |phi_mul_fu_48                      |  11|   0|   11|          0|
    |zext_ln172_cast_reg_200            |   8|   0|   13|          5|
    +-----------------------------------+----+----+-----+-----------+
    |Total                              |  64|   0|   69|          5|
    +-----------------------------------+----+----+-----+-----------+



================================================================
== Interface
================================================================
* Summary: 
+-------------------+-----+-----+------------+-----------------------------------------------+--------------+
|     RTL Ports     | Dir | Bits|  Protocol  |                 Source Object                 |    C Type    |
+-------------------+-----+-----+------------+-----------------------------------------------+--------------+
|ap_clk             |   in|    1|  ap_ctrl_hs|  detect_peaks_stage_Pipeline_VITIS_LOOP_182_11|  return value|
|ap_rst             |   in|    1|  ap_ctrl_hs|  detect_peaks_stage_Pipeline_VITIS_LOOP_182_11|  return value|
|ap_start           |   in|    1|  ap_ctrl_hs|  detect_peaks_stage_Pipeline_VITIS_LOOP_182_11|  return value|
|ap_done            |  out|    1|  ap_ctrl_hs|  detect_peaks_stage_Pipeline_VITIS_LOOP_182_11|  return value|
|ap_idle            |  out|    1|  ap_ctrl_hs|  detect_peaks_stage_Pipeline_VITIS_LOOP_182_11|  return value|
|ap_ready           |  out|    1|  ap_ctrl_hs|  detect_peaks_stage_Pipeline_VITIS_LOOP_182_11|  return value|
|window_address0    |  out|   11|   ap_memory|                                         window|         array|
|window_ce0         |  out|    1|   ap_memory|                                         window|         array|
|window_we0         |  out|    1|   ap_memory|                                         window|         array|
|window_d0          |  out|   32|   ap_memory|                                         window|         array|
|indvars_iv_next72  |   in|   12|     ap_none|                              indvars_iv_next72|        scalar|
|zext_ln172         |   in|    8|     ap_none|                                     zext_ln172|        scalar|
|line_buf_address0  |  out|   13|   ap_memory|                                       line_buf|         array|
|line_buf_ce0       |  out|    1|   ap_memory|                                       line_buf|         array|
|line_buf_q0        |   in|   32|   ap_memory|                                       line_buf|         array|
+-------------------+-----+-----+------------+-----------------------------------------------+--------------+

