

================================================================
== Vitis HLS Report for 'detect_peaks_stage_Pipeline_VITIS_LOOP_187_12'
================================================================
* Date:           Sat Aug  8 12:51:46 2026

* Version:        2024.1 (Build 5069499 on May 21 2024)
* Project:        fused_prj
* Solution:       solution1 (Vivado IP Flow Target)
* Product family: artix7
* Target device:  xc7a35t-csg324-1


================================================================
== Performance Estimates
================================================================
+ Timing: 
    * Summary: 
    +--------+----------+----------+------------+
    |  Clock |  Target  | Estimated| Uncertainty|
    +--------+----------+----------+------------+
    |ap_clk  |  10.00 ns|  6.994 ns|     2.70 ns|
    +--------+----------+----------+------------+

+ Latency: 
    * Summary: 
    +---------+---------+----------+----------+-----+-----+-----------------------------------------------+
    |  Latency (cycles) |  Latency (absolute) |  Interval |                    Pipeline                   |
    |   min   |   max   |    min   |    max   | min | max |                      Type                     |
    +---------+---------+----------+----------+-----+-----+-----------------------------------------------+
    |       43|       43|  0.430 us|  0.430 us|   42|   42|  loop auto-rewind stp(delay=0 clock cycles(s))|
    +---------+---------+----------+----------+-----+-----+-----------------------------------------------+

    + Detail: 
        * Instance: 
        N/A

        * Loop: 
        +---------------------+---------+---------+----------+-----------+-----------+------+----------+
        |                     |  Latency (cycles) | Iteration|  Initiation Interval  | Trip |          |
        |      Loop Name      |   min   |   max   |  Latency |  achieved |   target  | Count| Pipelined|
        +---------------------+---------+---------+----------+-----------+-----------+------+----------+
        |- VITIS_LOOP_187_12  |       41|       41|         1|          1|          1|    41|       yes|
        +---------------------+---------+---------+----------+-----------+-----------+------+----------+



================================================================
== Utilization Estimates
================================================================
* Summary: 
+-----------------+---------+----+-------+-------+-----+
|       Name      | BRAM_18K| DSP|   FF  |  LUT  | URAM|
+-----------------+---------+----+-------+-------+-----+
|DSP              |        -|   -|      -|      -|    -|
|Expression       |        -|   -|      0|     64|    -|
|FIFO             |        -|   -|      -|      -|    -|
|Instance         |        -|   -|      -|      -|    -|
|Memory           |        -|   -|      -|      -|    -|
|Multiplexer      |        -|   -|      0|     45|    -|
|Register         |        -|   -|     19|      -|    -|
+-----------------+---------+----+-------+-------+-----+
|Total            |        0|   0|     19|    109|    0|
+-----------------+---------+----+-------+-------+-----+
|Available        |      100|  90|  41600|  20800|    0|
+-----------------+---------+----+-------+-------+-----+
|Utilization (%)  |        0|   0|     ~0|     ~0|    0|
+-----------------+---------+----+-------+-------+-----+

+ Detail: 
    * Instance: 
    N/A

    * DSP: 
    N/A

    * Memory: 
    N/A

    * FIFO: 
    N/A

    * Expression: 
    +----------------------+----------+----+---+----+------------+------------+
    |     Variable Name    | Operation| DSP| FF| LUT| Bitwidth P0| Bitwidth P1|
    +----------------------+----------+----+---+----+------------+------------+
    |add_ln187_fu_77_p2    |         +|   0|  0|  14|           6|           1|
    |add_ln188_1_fu_86_p2  |         +|   0|  0|  18|          11|           6|
    |add_ln188_fu_92_p2    |         +|   0|  0|  18|          11|           6|
    |icmp_ln187_fu_71_p2   |      icmp|   0|  0|  14|           6|           6|
    +----------------------+----------+----+---+----+------------+------------+
    |Total                 |          |   0|  0|  64|          34|          19|
    +----------------------+----------+----+---+----+------------+------------+

    * Multiplexer: 
    +----------------------------------+----+-----------+-----+-----------+
    |               Name               | LUT| Input Size| Bits| Total Bits|
    +----------------------------------+----+-----------+-----+-----------+
    |ap_done_int                       |   9|          2|    1|          2|
    |ap_sig_allocacmp_i_1              |   9|          2|    6|         12|
    |ap_sig_allocacmp_phi_mul122_load  |   9|          2|   11|         22|
    |i_fu_40                           |   9|          2|    6|         12|
    |phi_mul122_fu_36                  |   9|          2|   11|         22|
    +----------------------------------+----+-----------+-----+-----------+
    |Total                             |  45|         10|   35|         70|
    +----------------------------------+----+-----------+-----+-----------+

    * Register: 
    +------------------+----+----+-----+-----------+
    |       Name       | FF | LUT| Bits| Const Bits|
    +------------------+----+----+-----+-----------+
    |ap_CS_fsm         |   1|   0|    1|          0|
    |ap_done_reg       |   1|   0|    1|          0|
    |i_fu_40           |   6|   0|    6|          0|
    |phi_mul122_fu_36  |  11|   0|   11|          0|
    +------------------+----+----+-----+-----------+
    |Total             |  19|   0|   19|          0|
    +------------------+----+----+-----+-----------+



================================================================
== Interface
================================================================
* Summary: 
+-----------------+-----+-----+------------+-----------------------------------------------+--------------+
|    RTL Ports    | Dir | Bits|  Protocol  |                 Source Object                 |    C Type    |
+-----------------+-----+-----+------------+-----------------------------------------------+--------------+
|ap_clk           |   in|    1|  ap_ctrl_hs|  detect_peaks_stage_Pipeline_VITIS_LOOP_187_12|  return value|
|ap_rst           |   in|    1|  ap_ctrl_hs|  detect_peaks_stage_Pipeline_VITIS_LOOP_187_12|  return value|
|ap_start         |   in|    1|  ap_ctrl_hs|  detect_peaks_stage_Pipeline_VITIS_LOOP_187_12|  return value|
|ap_done          |  out|    1|  ap_ctrl_hs|  detect_peaks_stage_Pipeline_VITIS_LOOP_187_12|  return value|
|ap_idle          |  out|    1|  ap_ctrl_hs|  detect_peaks_stage_Pipeline_VITIS_LOOP_187_12|  return value|
|ap_ready         |  out|    1|  ap_ctrl_hs|  detect_peaks_stage_Pipeline_VITIS_LOOP_187_12|  return value|
|window_address0  |  out|   11|   ap_memory|                                         window|         array|
|window_ce0       |  out|    1|   ap_memory|                                         window|         array|
|window_we0       |  out|    1|   ap_memory|                                         window|         array|
|window_d0        |  out|   32|   ap_memory|                                         window|         array|
+-----------------+-----+-----+------------+-----------------------------------------------+--------------+

