

================================================================
== Vitis HLS Report for 'fingerprint_kernel'
================================================================
* Date:           Sat Aug  8 12:51:48 2026

* Version:        2024.1 (Build 5069499 on May 21 2024)
* Project:        fused_prj
* Solution:       solution1 (Vivado IP Flow Target)
* Product family: artix7
* Target device:  xc7a35t-csg324-1


================================================================
== Performance Estimates
================================================================
+ Timing: 
    * Summary: 
    +--------+----------+----------+------------+
    |  Clock |  Target  | Estimated| Uncertainty|
    +--------+----------+----------+------------+
    |ap_clk  |  10.00 ns|  7.300 ns|     2.70 ns|
    +--------+----------+----------+------------+

+ Latency: 
    * Summary: 
    +---------+---------+----------+----------+-----+-----+---------+
    |  Latency (cycles) |  Latency (absolute) |  Interval | Pipeline|
    |   min   |   max   |    min   |    max   | min | max |   Type  |
    +---------+---------+----------+----------+-----+-----+---------+
    |        ?|        ?|         ?|         ?|    ?|    ?|       no|
    +---------+---------+----------+----------+-----+-----+---------+

    + Detail: 
        * Instance: 
        +--------------------------------------+---------------------------+---------+---------+----------+----------+-----+-----+---------+
        |                                      |                           |  Latency (cycles) |  Latency (absolute) |  Interval | Pipeline|
        |               Instance               |           Module          |   min   |   max   |    min   |    max   | min | max |   Type  |
        +--------------------------------------+---------------------------+---------+---------+----------+----------+-----+-----+---------+
        |grp_compute_spectrogram_stage_fu_148  |compute_spectrogram_stage  |        ?|        ?|         ?|         ?|    ?|    ?|       no|
        |grp_detect_peaks_stage_fu_180         |detect_peaks_stage         |        ?|        ?|         ?|         ?|    ?|    ?|       no|
        +--------------------------------------+---------------------------+---------+---------+----------+----------+-----+-----+---------+

        * Loop: 
        N/A



================================================================
== Utilization Estimates
================================================================
* Summary: 
+-----------------+---------+----+-------+-------+-----+
|       Name      | BRAM_18K| DSP|   FF  |  LUT  | URAM|
+-----------------+---------+----+-------+-------+-----+
|DSP              |        -|   -|      -|      -|    -|
|Expression       |        -|   -|      -|      -|    -|
|FIFO             |        -|   -|      -|      -|    -|
|Instance         |       53|  45|  11136|  12772|    0|
|Memory           |        -|   -|      -|      -|    -|
|Multiplexer      |        -|   -|      0|    167|    -|
|Register         |        -|   -|    391|      -|    -|
+-----------------+---------+----+-------+-------+-----+
|Total            |       53|  45|  11527|  12939|    0|
+-----------------+---------+----+-------+-------+-----+
|Available        |      100|  90|  41600|  20800|    0|
+-----------------+---------+----+-------+-------+-----+
|Utilization (%)  |       53|  50|     27|     62|    0|
+-----------------+---------+----+-------+-------+-----+

+ Detail: 
    * Instance: 
    +--------------------------------------+-----------------------------+---------+----+------+------+-----+
    |               Instance               |            Module           | BRAM_18K| DSP|  FF  |  LUT | URAM|
    +--------------------------------------+-----------------------------+---------+----+------+------+-----+
    |grp_compute_spectrogram_stage_fu_148  |compute_spectrogram_stage    |       24|  40|  6874|  6556|    0|
    |control_r_s_axi_U                     |control_r_s_axi              |        0|   0|   380|   680|    0|
    |control_s_axi_U                       |control_s_axi                |        0|   0|   112|   168|    0|
    |grp_detect_peaks_stage_fu_180         |detect_peaks_stage           |       21|   5|  1610|  3342|    0|
    |fcmp_32ns_32ns_1_2_no_dsp_1_U132      |fcmp_32ns_32ns_1_2_no_dsp_1  |        0|   0|     0|     0|    0|
    |gmem0_m_axi_U                         |gmem0_m_axi                  |        2|   0|   671|   657|    0|
    |gmem1_m_axi_U                         |gmem1_m_axi                  |        2|   0|   665|   646|    0|
    |gmem2_m_axi_U                         |gmem2_m_axi                  |        4|   0|   824|   723|    0|
    +--------------------------------------+-----------------------------+---------+----+------+------+-----+
    |Total                                 |                             |       53|  45| 11136| 12772|    0|
    +--------------------------------------+-----------------------------+---------+----+------+------+-----+

    * DSP: 
    N/A

    * Memory: 
    N/A

    * FIFO: 
    N/A

    * Expression: 
    N/A

    * Multiplexer: 
    +-------------------+----+-----------+-----+-----------+
    |        Name       | LUT| Input Size| Bits| Total Bits|
    +-------------------+----+-----------+-----+-----------+
    |ap_NS_fsm          |  25|          6|    1|          6|
    |gmem0_ARVALID      |   9|          2|    1|          2|
    |gmem0_RREADY       |   9|          2|    1|          2|
    |gmem1_AWVALID      |   9|          2|    1|          2|
    |gmem1_BREADY       |   9|          2|    1|          2|
    |gmem1_WVALID       |   9|          2|    1|          2|
    |gmem2_ARVALID      |   9|          2|    1|          2|
    |gmem2_AWVALID      |   9|          2|    1|          2|
    |gmem2_BREADY       |   9|          2|    1|          2|
    |gmem2_RREADY       |   9|          2|    1|          2|
    |gmem2_WVALID       |   9|          2|    1|          2|
    |grp_fu_230_ce      |  13|          3|    1|          3|
    |grp_fu_230_opcode  |  13|          3|    5|         15|
    |grp_fu_230_p0      |  13|          3|   32|         96|
    |grp_fu_230_p1      |  13|          3|   32|         96|
    +-------------------+----+-----------+-----+-----------+
    |Total              | 167|         38|   81|        236|
    +-------------------+----+-----------+-----+-----------+

    * Register: 
    +---------------------------------------------------+----+----+-----+-----------+
    |                        Name                       | FF | LUT| Bits| Const Bits|
    +---------------------------------------------------+----+----+-----+-----------+
    |ap_CS_fsm                                          |   5|   0|    5|          0|
    |grp_compute_spectrogram_stage_fu_148_ap_start_reg  |   1|   0|    1|          0|
    |grp_detect_peaks_stage_fu_180_ap_start_reg         |   1|   0|    1|          0|
    |hann_energy_read_reg_214                           |  32|   0|   32|          0|
    |num_windows_read_reg_219                           |  32|   0|   32|          0|
    |peak_count_read_reg_193                            |  64|   0|   64|          0|
    |peak_freq_read_reg_203                             |  64|   0|   64|          0|
    |peak_time_read_reg_198                             |  64|   0|   64|          0|
    |spec_power_read_reg_208                            |  64|   0|   64|          0|
    |windows_read_reg_225                               |  64|   0|   64|          0|
    +---------------------------------------------------+----+----+-----+-----------+
    |Total                                              | 391|   0|  391|          0|
    +---------------------------------------------------+----+----+-----+-----------+



================================================================
== Interface
================================================================
* Summary: 
+-------------------------+-----+-----+------------+--------------------+--------------+
|        RTL Ports        | Dir | Bits|  Protocol  |    Source Object   |    C Type    |
+-------------------------+-----+-----+------------+--------------------+--------------+
|s_axi_control_AWVALID    |   in|    1|       s_axi|             control|        scalar|
|s_axi_control_AWREADY    |  out|    1|       s_axi|             control|        scalar|
|s_axi_control_AWADDR     |   in|    5|       s_axi|             control|        scalar|
|s_axi_control_WVALID     |   in|    1|       s_axi|             control|        scalar|
|s_axi_control_WREADY     |  out|    1|       s_axi|             control|        scalar|
|s_axi_control_WDATA      |   in|   32|       s_axi|             control|        scalar|
|s_axi_control_WSTRB      |   in|    4|       s_axi|             control|        scalar|
|s_axi_control_ARVALID    |   in|    1|       s_axi|             control|        scalar|
|s_axi_control_ARREADY    |  out|    1|       s_axi|             control|        scalar|
|s_axi_control_ARADDR     |   in|    5|       s_axi|             control|        scalar|
|s_axi_control_RVALID     |  out|    1|       s_axi|             control|        scalar|
|s_axi_control_RREADY     |   in|    1|       s_axi|             control|        scalar|
|s_axi_control_RDATA      |  out|   32|       s_axi|             control|        scalar|
|s_axi_control_RRESP      |  out|    2|       s_axi|             control|        scalar|
|s_axi_control_BVALID     |  out|    1|       s_axi|             control|        scalar|
|s_axi_control_BREADY     |   in|    1|       s_axi|             control|        scalar|
|s_axi_control_BRESP      |  out|    2|       s_axi|             control|        scalar|
|s_axi_control_r_AWVALID  |   in|    1|       s_axi|           control_r|        scalar|
|s_axi_control_r_AWREADY  |  out|    1|       s_axi|           control_r|        scalar|
|s_axi_control_r_AWADDR   |   in|    7|       s_axi|           control_r|        scalar|
|s_axi_control_r_WVALID   |   in|    1|       s_axi|           control_r|        scalar|
|s_axi_control_r_WREADY   |  out|    1|       s_axi|           control_r|        scalar|
|s_axi_control_r_WDATA    |   in|   32|       s_axi|           control_r|        scalar|
|s_axi_control_r_WSTRB    |   in|    4|       s_axi|           control_r|        scalar|
|s_axi_control_r_ARVALID  |   in|    1|       s_axi|           control_r|        scalar|
|s_axi_control_r_ARREADY  |  out|    1|       s_axi|           control_r|        scalar|
|s_axi_control_r_ARADDR   |   in|    7|       s_axi|           control_r|        scalar|
|s_axi_control_r_RVALID   |  out|    1|       s_axi|           control_r|        scalar|
|s_axi_control_r_RREADY   |   in|    1|       s_axi|           control_r|        scalar|
|s_axi_control_r_RDATA    |  out|   32|       s_axi|           control_r|        scalar|
|s_axi_control_r_RRESP    |  out|    2|       s_axi|           control_r|        scalar|
|s_axi_control_r_BVALID   |  out|    1|       s_axi|           control_r|        scalar|
|s_axi_control_r_BREADY   |   in|    1|       s_axi|           control_r|        scalar|
|s_axi_control_r_BRESP    |  out|    2|       s_axi|           control_r|        scalar|
|ap_clk                   |   in|    1|  ap_ctrl_hs|  fingerprint_kernel|  return value|
|ap_rst_n                 |   in|    1|  ap_ctrl_hs|  fingerprint_kernel|  return value|
|interrupt                |  out|    1|  ap_ctrl_hs|  fingerprint_kernel|  return value|
|m_axi_gmem0_AWVALID      |  out|    1|       m_axi|               gmem0|       pointer|
|m_axi_gmem0_AWREADY      |   in|    1|       m_axi|               gmem0|       pointer|
|m_axi_gmem0_AWADDR       |  out|   64|       m_axi|               gmem0|       pointer|
|m_axi_gmem0_AWID         |  out|    1|       m_axi|               gmem0|       pointer|
|m_axi_gmem0_AWLEN        |  out|    8|       m_axi|               gmem0|       pointer|
|m_axi_gmem0_AWSIZE       |  out|    3|       m_axi|               gmem0|       pointer|
|m_axi_gmem0_AWBURST      |  out|    2|       m_axi|               gmem0|       pointer|
|m_axi_gmem0_AWLOCK       |  out|    2|       m_axi|               gmem0|       pointer|
|m_axi_gmem0_AWCACHE      |  out|    4|       m_axi|               gmem0|       pointer|
|m_axi_gmem0_AWPROT       |  out|    3|       m_axi|               gmem0|       pointer|
|m_axi_gmem0_AWQOS        |  out|    4|       m_axi|               gmem0|       pointer|
|m_axi_gmem0_AWREGION     |  out|    4|       m_axi|               gmem0|       pointer|
|m_axi_gmem0_AWUSER       |  out|    1|       m_axi|               gmem0|       pointer|
|m_axi_gmem0_WVALID       |  out|    1|       m_axi|               gmem0|       pointer|
|m_axi_gmem0_WREADY       |   in|    1|       m_axi|               gmem0|       pointer|
|m_axi_gmem0_WDATA        |  out|   32|       m_axi|               gmem0|       pointer|
|m_axi_gmem0_WSTRB        |  out|    4|       m_axi|               gmem0|       pointer|
|m_axi_gmem0_WLAST        |  out|    1|       m_axi|               gmem0|       pointer|
|m_axi_gmem0_WID          |  out|    1|       m_axi|               gmem0|       pointer|
|m_axi_gmem0_WUSER        |  out|    1|       m_axi|               gmem0|       pointer|
|m_axi_gmem0_ARVALID      |  out|    1|       m_axi|               gmem0|       pointer|
|m_axi_gmem0_ARREADY      |   in|    1|       m_axi|               gmem0|       pointer|
|m_axi_gmem0_ARADDR       |  out|   64|       m_axi|               gmem0|       pointer|
|m_axi_gmem0_ARID         |  out|    1|       m_axi|               gmem0|       pointer|
|m_axi_gmem0_ARLEN        |  out|    8|       m_axi|               gmem0|       pointer|
|m_axi_gmem0_ARSIZE       |  out|    3|       m_axi|               gmem0|       pointer|
|m_axi_gmem0_ARBURST      |  out|    2|       m_axi|               gmem0|       pointer|
|m_axi_gmem0_ARLOCK       |  out|    2|       m_axi|               gmem0|       pointer|
|m_axi_gmem0_ARCACHE      |  out|    4|       m_axi|               gmem0|       pointer|
|m_axi_gmem0_ARPROT       |  out|    3|       m_axi|               gmem0|       pointer|
|m_axi_gmem0_ARQOS        |  out|    4|       m_axi|               gmem0|       pointer|
|m_axi_gmem0_ARREGION     |  out|    4|       m_axi|               gmem0|       pointer|
|m_axi_gmem0_ARUSER       |  out|    1|       m_axi|               gmem0|       pointer|
|m_axi_gmem0_RVALID       |   in|    1|       m_axi|               gmem0|       pointer|
|m_axi_gmem0_RREADY       |  out|    1|       m_axi|               gmem0|       pointer|
|m_axi_gmem0_RDATA        |   in|   32|       m_axi|               gmem0|       pointer|
|m_axi_gmem0_RLAST        |   in|    1|       m_axi|               gmem0|       pointer|
|m_axi_gmem0_RID          |   in|    1|       m_axi|               gmem0|       pointer|
|m_axi_gmem0_RUSER        |   in|    1|       m_axi|               gmem0|       pointer|
|m_axi_gmem0_RRESP        |   in|    2|       m_axi|               gmem0|       pointer|
|m_axi_gmem0_BVALID       |   in|    1|       m_axi|               gmem0|       pointer|
|m_axi_gmem0_BREADY       |  out|    1|       m_axi|               gmem0|       pointer|
|m_axi_gmem0_BRESP        |   in|    2|       m_axi|               gmem0|       pointer|
|m_axi_gmem0_BID          |   in|    1|       m_axi|               gmem0|       pointer|
|m_axi_gmem0_BUSER        |   in|    1|       m_axi|               gmem0|       pointer|
|m_axi_gmem2_AWVALID      |  out|    1|       m_axi|               gmem2|       pointer|
|m_axi_gmem2_AWREADY      |   in|    1|       m_axi|               gmem2|       pointer|
|m_axi_gmem2_AWADDR       |  out|   64|       m_axi|               gmem2|       pointer|
|m_axi_gmem2_AWID         |  out|    1|       m_axi|               gmem2|       pointer|
|m_axi_gmem2_AWLEN        |  out|    8|       m_axi|               gmem2|       pointer|
|m_axi_gmem2_AWSIZE       |  out|    3|       m_axi|               gmem2|       pointer|
|m_axi_gmem2_AWBURST      |  out|    2|       m_axi|               gmem2|       pointer|
|m_axi_gmem2_AWLOCK       |  out|    2|       m_axi|               gmem2|       pointer|
|m_axi_gmem2_AWCACHE      |  out|    4|       m_axi|               gmem2|       pointer|
|m_axi_gmem2_AWPROT       |  out|    3|       m_axi|               gmem2|       pointer|
|m_axi_gmem2_AWQOS        |  out|    4|       m_axi|               gmem2|       pointer|
|m_axi_gmem2_AWREGION     |  out|    4|       m_axi|               gmem2|       pointer|
|m_axi_gmem2_AWUSER       |  out|    1|       m_axi|               gmem2|       pointer|
|m_axi_gmem2_WVALID       |  out|    1|       m_axi|               gmem2|       pointer|
|m_axi_gmem2_WREADY       |   in|    1|       m_axi|               gmem2|       pointer|
|m_axi_gmem2_WDATA        |  out|   32|       m_axi|               gmem2|       pointer|
|m_axi_gmem2_WSTRB        |  out|    4|       m_axi|               gmem2|       pointer|
|m_axi_gmem2_WLAST        |  out|    1|       m_axi|               gmem2|       pointer|
|m_axi_gmem2_WID          |  out|    1|       m_axi|               gmem2|       pointer|
|m_axi_gmem2_WUSER        |  out|    1|       m_axi|               gmem2|       pointer|
|m_axi_gmem2_ARVALID      |  out|    1|       m_axi|               gmem2|       pointer|
|m_axi_gmem2_ARREADY      |   in|    1|       m_axi|               gmem2|       pointer|
|m_axi_gmem2_ARADDR       |  out|   64|       m_axi|               gmem2|       pointer|
|m_axi_gmem2_ARID         |  out|    1|       m_axi|               gmem2|       pointer|
|m_axi_gmem2_ARLEN        |  out|    8|       m_axi|               gmem2|       pointer|
|m_axi_gmem2_ARSIZE       |  out|    3|       m_axi|               gmem2|       pointer|
|m_axi_gmem2_ARBURST      |  out|    2|       m_axi|               gmem2|       pointer|
|m_axi_gmem2_ARLOCK       |  out|    2|       m_axi|               gmem2|       pointer|
|m_axi_gmem2_ARCACHE      |  out|    4|       m_axi|               gmem2|       pointer|
|m_axi_gmem2_ARPROT       |  out|    3|       m_axi|               gmem2|       pointer|
|m_axi_gmem2_ARQOS        |  out|    4|       m_axi|               gmem2|       pointer|
|m_axi_gmem2_ARREGION     |  out|    4|       m_axi|               gmem2|       pointer|
|m_axi_gmem2_ARUSER       |  out|    1|       m_axi|               gmem2|       pointer|
|m_axi_gmem2_RVALID       |   in|    1|       m_axi|               gmem2|       pointer|
|m_axi_gmem2_RREADY       |  out|    1|       m_axi|               gmem2|       pointer|
|m_axi_gmem2_RDATA        |   in|   32|       m_axi|               gmem2|       pointer|
|m_axi_gmem2_RLAST        |   in|    1|       m_axi|               gmem2|       pointer|
|m_axi_gmem2_RID          |   in|    1|       m_axi|               gmem2|       pointer|
|m_axi_gmem2_RUSER        |   in|    1|       m_axi|               gmem2|       pointer|
|m_axi_gmem2_RRESP        |   in|    2|       m_axi|               gmem2|       pointer|
|m_axi_gmem2_BVALID       |   in|    1|       m_axi|               gmem2|       pointer|
|m_axi_gmem2_BREADY       |  out|    1|       m_axi|               gmem2|       pointer|
|m_axi_gmem2_BRESP        |   in|    2|       m_axi|               gmem2|       pointer|
|m_axi_gmem2_BID          |   in|    1|       m_axi|               gmem2|       pointer|
|m_axi_gmem2_BUSER        |   in|    1|       m_axi|               gmem2|       pointer|
|m_axi_gmem1_AWVALID      |  out|    1|       m_axi|               gmem1|       pointer|
|m_axi_gmem1_AWREADY      |   in|    1|       m_axi|               gmem1|       pointer|
|m_axi_gmem1_AWADDR       |  out|   64|       m_axi|               gmem1|       pointer|
|m_axi_gmem1_AWID         |  out|    1|       m_axi|               gmem1|       pointer|
|m_axi_gmem1_AWLEN        |  out|    8|       m_axi|               gmem1|       pointer|
|m_axi_gmem1_AWSIZE       |  out|    3|       m_axi|               gmem1|       pointer|
|m_axi_gmem1_AWBURST      |  out|    2|       m_axi|               gmem1|       pointer|
|m_axi_gmem1_AWLOCK       |  out|    2|       m_axi|               gmem1|       pointer|
|m_axi_gmem1_AWCACHE      |  out|    4|       m_axi|               gmem1|       pointer|
|m_axi_gmem1_AWPROT       |  out|    3|       m_axi|               gmem1|       pointer|
|m_axi_gmem1_AWQOS        |  out|    4|       m_axi|               gmem1|       pointer|
|m_axi_gmem1_AWREGION     |  out|    4|       m_axi|               gmem1|       pointer|
|m_axi_gmem1_AWUSER       |  out|    1|       m_axi|               gmem1|       pointer|
|m_axi_gmem1_WVALID       |  out|    1|       m_axi|               gmem1|       pointer|
|m_axi_gmem1_WREADY       |   in|    1|       m_axi|               gmem1|       pointer|
|m_axi_gmem1_WDATA        |  out|   32|       m_axi|               gmem1|       pointer|
|m_axi_gmem1_WSTRB        |  out|    4|       m_axi|               gmem1|       pointer|
|m_axi_gmem1_WLAST        |  out|    1|       m_axi|               gmem1|       pointer|
|m_axi_gmem1_WID          |  out|    1|       m_axi|               gmem1|       pointer|
|m_axi_gmem1_WUSER        |  out|    1|       m_axi|               gmem1|       pointer|
|m_axi_gmem1_ARVALID      |  out|    1|       m_axi|               gmem1|       pointer|
|m_axi_gmem1_ARREADY      |   in|    1|       m_axi|               gmem1|       pointer|
|m_axi_gmem1_ARADDR       |  out|   64|       m_axi|               gmem1|       pointer|
|m_axi_gmem1_ARID         |  out|    1|       m_axi|               gmem1|       pointer|
|m_axi_gmem1_ARLEN        |  out|    8|       m_axi|               gmem1|       pointer|
|m_axi_gmem1_ARSIZE       |  out|    3|       m_axi|               gmem1|       pointer|
|m_axi_gmem1_ARBURST      |  out|    2|       m_axi|               gmem1|       pointer|
|m_axi_gmem1_ARLOCK       |  out|    2|       m_axi|               gmem1|       pointer|
|m_axi_gmem1_ARCACHE      |  out|    4|       m_axi|               gmem1|       pointer|
|m_axi_gmem1_ARPROT       |  out|    3|       m_axi|               gmem1|       pointer|
|m_axi_gmem1_ARQOS        |  out|    4|       m_axi|               gmem1|       pointer|
|m_axi_gmem1_ARREGION     |  out|    4|       m_axi|               gmem1|       pointer|
|m_axi_gmem1_ARUSER       |  out|    1|       m_axi|               gmem1|       pointer|
|m_axi_gmem1_RVALID       |   in|    1|       m_axi|               gmem1|       pointer|
|m_axi_gmem1_RREADY       |  out|    1|       m_axi|               gmem1|       pointer|
|m_axi_gmem1_RDATA        |   in|   32|       m_axi|               gmem1|       pointer|
|m_axi_gmem1_RLAST        |   in|    1|       m_axi|               gmem1|       pointer|
|m_axi_gmem1_RID          |   in|    1|       m_axi|               gmem1|       pointer|
|m_axi_gmem1_RUSER        |   in|    1|       m_axi|               gmem1|       pointer|
|m_axi_gmem1_RRESP        |   in|    2|       m_axi|               gmem1|       pointer|
|m_axi_gmem1_BVALID       |   in|    1|       m_axi|               gmem1|       pointer|
|m_axi_gmem1_BREADY       |  out|    1|       m_axi|               gmem1|       pointer|
|m_axi_gmem1_BRESP        |   in|    2|       m_axi|               gmem1|       pointer|
|m_axi_gmem1_BID          |   in|    1|       m_axi|               gmem1|       pointer|
|m_axi_gmem1_BUSER        |   in|    1|       m_axi|               gmem1|       pointer|
+-------------------------+-----+-----+------------+--------------------+--------------+

